
  AdvancedDataGridView -> C:\Users\ratho\OneDrive\Plocha\work_2026\FASK_2026\0x_Zdrojove_Kody\_SdileneProjekty_\AdvanceDataGridView\AdvancedDataGridView\!Build!\Debug\AdvancedDataGridView.dll
  Fask.Logging -> C:\Users\ratho\OneDrive\Plocha\work_2026\FASK_2026\0x_Zdrojove_Kody\_SdileneProjekty_\Fask.Logging\!Build!\Debug\Fask.Logging.dll
  AdvancedButtonsPanel -> C:\Users\ratho\OneDrive\Plocha\work_2026\FASK_2026\0x_Zdrojove_Kody\_SdileneProjekty_\AdvancedButtonsPanel\!Build!\Debug\AdvancedButtonsPanel.dll
  Fask.BarCodeGraphics -> C:\Users\ratho\OneDrive\Plocha\work_2026\FASK_2026\0x_Zdrojove_Kody\_SdileneProjekty_\Fask.BarCodeGraphics\Fask.BarCodeGraphics\!Build!\Debug\Fask.BarCodeGraphics.dll
  Fask.BarCodeGraphics.ZPL_Zxing -> C:\Users\ratho\OneDrive\Plocha\work_2026\FASK_2026\0x_Zdrojove_Kody\_SdileneProjekty_\Fask.BarCodeGraphics\Fask.BarCodeGraphics.ZPL_Zxing\!Build!\Debug\Fask.BarCodeGraphics.ZPL_Zxing.dll
  Fask.Columns -> C:\Users\ratho\OneDrive\Plocha\work_2026\FASK_2026\0x_Zdrojove_Kody\_SdileneProjekty_\Fask.Columns\!Build!\Debug\Fask.Columns.dll
  Fask.RestSharp -> C:\Users\ratho\OneDrive\Plocha\work_2026\FASK_2026\0x_Zdrojove_Kody\_SdileneProjekty_\Fask.RestSharp\bin\Debug\Fask.RestSharp.dll
  FASK.Logins -> C:\Users\ratho\OneDrive\Plocha\work_2026\FASK_2026\0x_Zdrojove_Kody\_SdileneProjekty_\FASK.Logins\!Build!\Debug\FASK.Logins.dll
  Fask.POHODA.Disponibility -> C:\Users\ratho\OneDrive\Plocha\work_2026\FASK_2026\0x_Zdrojove_Kody\_SdileneProjekty_\Fask.POHODA.Disponibility\bin\Debug\Fask.POHODA.Disponibility.dll
  Fask.Rady -> C:\Users\ratho\OneDrive\Plocha\work_2026\FASK_2026\0x_Zdrojove_Kody\_SdileneProjekty_\Fask.Rady\bin\Debug\Fask.Rady.dll
  PrintReportLibrary -> C:\Users\ratho\OneDrive\Plocha\work_2026\FASK_2026\0x_Zdrojove_Kody\_SdileneProjekty_\ProjektTiskClassLibrary\TestovaciProjekt\!Build!\Debug\PrintReportLibrary.dll
  RemoteViewing -> C:\Users\ratho\OneDrive\Plocha\work_2026\FASK_2026\0x_Zdrojove_Kody\_SdileneProjekty_\RemoteViewing\RemoteViewing\RemoteViewing\bin\Debug\RemoteViewing.dll
C:\Program Files\Microsoft Visual Studio\18\Community\MSBuild\Current\Bin\Microsoft.CSharp.CurrentVersion.targets(100,9): warning MSB3042: V direktivì podmínìné kompilace v souboru VncControl.cs byla nalezena definice oboru názvù nebo tøídy.  To by mohlo vést k nesprávné volbì názvu prostøedku manifestu pro prostøedek VncControl.resx. [C:\Users\ratho\OneDrive\Plocha\work_2026\FASK_2026\0x_Zdrojove_Kody\_SdileneProjekty_\RemoteViewing\RemoteViewing\RemoteViewing.Windows.Forms\RemoteViewing.Windows.Forms.csproj]
  RemoteViewing.Windows.Forms -> C:\Users\ratho\OneDrive\Plocha\work_2026\FASK_2026\0x_Zdrojove_Kody\_SdileneProjekty_\RemoteViewing\RemoteViewing\RemoteViewing.Windows.Forms\bin\Debug\RemoteViewing.Windows.Forms.dll
  TouchscreenKeyboard -> C:\Users\ratho\OneDrive\Plocha\work_2026\FASK_2026\0x_Zdrojove_Kody\_SdileneProjekty_\TouchscreenKeyboard\TouchscreenKeyboard\!Build!\Debug\TouchscreenKeyboard.dll
  Fask.Console.Interfaces -> C:\Users\ratho\OneDrive\Plocha\work_2026\FASK_2026\0x_Zdrojove_Kody\!Build!\Konzola\Debug\Fask.Console.Interfaces.dll
  Fask.Module.Print.GS1 -> C:\Users\ratho\OneDrive\Plocha\work_2026\FASK_2026\0x_Zdrojove_Kody\!Build!\Konzola\Debug\Fask.Module.Print.GS1.dll
  Fask.ModuleFirebird -> C:\Users\ratho\OneDrive\Plocha\work_2026\FASK_2026\0x_Zdrojove_Kody\!Build!\Konzola\Debug\Fask.ModuleFirebird.dll
  Fask.ModulePohodaXML -> C:\Users\ratho\OneDrive\Plocha\work_2026\FASK_2026\0x_Zdrojove_Kody\!Build!\Konzola\Debug\Fask.ModulePohodaXML.dll
  Fask.ModuleSql_API -> C:\Users\ratho\OneDrive\Plocha\work_2026\FASK_2026\0x_Zdrojove_Kody\!Build!\Konzola\Debug\Fask.ModuleSql_API.dll
  Fask.ModuleSql -> C:\Users\ratho\OneDrive\Plocha\work_2026\FASK_2026\0x_Zdrojove_Kody\!Build!\Konzola\Debug\Fask.ModuleSql.dll
  Fask.Encryption -> C:\Users\ratho\OneDrive\Plocha\work_2026\FASK_2026\0x_Zdrojove_Kody\!Build!\Konzola\Debug\Fask.Encryption.dll
  IRFIDProvider -> C:\Users\ratho\OneDrive\Plocha\work_2026\FASK_2026\0x_Zdrojove_Kody\!Build!\Konzola\Debug\IRFIDProvider.dll
  MessageForm -> C:\Users\ratho\OneDrive\Plocha\work_2026\FASK_2026\0x_Zdrojove_Kody\!Build!\Konzola\Debug\MessageForm.dll
  RFIDFactory -> C:\Users\ratho\OneDrive\Plocha\work_2026\FASK_2026\0x_Zdrojove_Kody\!Build!\Konzola\Debug\RFIDFactory.dll
C:\Users\ratho\OneDrive\Plocha\work_2026\FASK_2026\0x_Zdrojove_Kody\Konzola\Konzola\Extensions\DataGridView_Exporty.cs(12,7): warning CS0105: Direktiva using pro System se objevila už døív v tomto oboru názvù. [C:\Users\ratho\OneDrive\Plocha\work_2026\FASK_2026\0x_Zdrojove_Kody\Konzola\Konzola\Konzola.csproj]
C:\Users\ratho\OneDrive\Plocha\work_2026\FASK_2026\0x_Zdrojove_Kody\Konzola\Konzola\Extensions\DataGridView_Exporty.cs(13,7): warning CS0105: Direktiva using pro System.Collections.Generic se objevila už døív v tomto oboru názvù. [C:\Users\ratho\OneDrive\Plocha\work_2026\FASK_2026\0x_Zdrojove_Kody\Konzola\Konzola\Konzola.csproj]
C:\Users\ratho\OneDrive\Plocha\work_2026\FASK_2026\0x_Zdrojove_Kody\Konzola\Konzola\Extensions\DataGridView_Exporty.cs(14,7): warning CS0105: Direktiva using pro System.Data se objevila už døív v tomto oboru názvù. [C:\Users\ratho\OneDrive\Plocha\work_2026\FASK_2026\0x_Zdrojove_Kody\Konzola\Konzola\Konzola.csproj]
C:\Users\ratho\OneDrive\Plocha\work_2026\FASK_2026\0x_Zdrojove_Kody\Konzola\Konzola\Extensions\DataGridView_Exporty.cs(16,7): warning CS0105: Direktiva using pro System.Globalization se objevila už døív v tomto oboru názvù. [C:\Users\ratho\OneDrive\Plocha\work_2026\FASK_2026\0x_Zdrojove_Kody\Konzola\Konzola\Konzola.csproj]
C:\Users\ratho\OneDrive\Plocha\work_2026\FASK_2026\0x_Zdrojove_Kody\Konzola\Konzola\Extensions\DataGridView_Exporty.cs(17,7): warning CS0105: Direktiva using pro System.IO se objevila už døív v tomto oboru názvù. [C:\Users\ratho\OneDrive\Plocha\work_2026\FASK_2026\0x_Zdrojove_Kody\Konzola\Konzola\Konzola.csproj]
C:\Users\ratho\OneDrive\Plocha\work_2026\FASK_2026\0x_Zdrojove_Kody\Konzola\Konzola\Extensions\DataGridView_Exporty.cs(640,26): warning CS0219: Promìnná kontrola má pøiøazenou hodnotu, ale nikdy se nepoužívá. [C:\Users\ratho\OneDrive\Plocha\work_2026\FASK_2026\0x_Zdrojove_Kody\Konzola\Konzola\Konzola.csproj]
C:\Users\ratho\OneDrive\Plocha\work_2026\FASK_2026\0x_Zdrojove_Kody\Konzola\Konzola\Extensions\DataGridView_Exporty.cs(541,21): warning CS0219: Promìnná iterace má pøiøazenou hodnotu, ale nikdy se nepoužívá. [C:\Users\ratho\OneDrive\Plocha\work_2026\FASK_2026\0x_Zdrojove_Kody\Konzola\Konzola\Konzola.csproj]
C:\Users\ratho\OneDrive\Plocha\work_2026\FASK_2026\0x_Zdrojove_Kody\Konzola\Konzola\Extensions\DataGridView_Exporty.cs(542,26): warning CS0219: Promìnná headers má pøiøazenou hodnotu, ale nikdy se nepoužívá. [C:\Users\ratho\OneDrive\Plocha\work_2026\FASK_2026\0x_Zdrojove_Kody\Konzola\Konzola\Konzola.csproj]
C:\Users\ratho\OneDrive\Plocha\work_2026\FASK_2026\0x_Zdrojove_Kody\Konzola\Konzola\Extensions\DataGridView_Exporty.cs(680,20): warning CS0219: Promìnná nychystanoNaZapis má pøiøazenou hodnotu, ale nikdy se nepoužívá. [C:\Users\ratho\OneDrive\Plocha\work_2026\FASK_2026\0x_Zdrojove_Kody\Konzola\Konzola\Konzola.csproj]
C:\Users\ratho\OneDrive\Plocha\work_2026\FASK_2026\0x_Zdrojove_Kody\Konzola\Konzola\Ciselniky\FormStrediskaList.cs(1390,50): warning CS0168: Promìnná ex je deklarovaná, ale nikdy se nepoužívá. [C:\Users\ratho\OneDrive\Plocha\work_2026\FASK_2026\0x_Zdrojove_Kody\Konzola\Konzola\Konzola.csproj]
C:\Users\ratho\OneDrive\Plocha\work_2026\FASK_2026\0x_Zdrojove_Kody\Konzola\Konzola\Ciselniky\FormStrediskaList.cs(1621,46): warning CS0168: Promìnná ex je deklarovaná, ale nikdy se nepoužívá. [C:\Users\ratho\OneDrive\Plocha\work_2026\FASK_2026\0x_Zdrojove_Kody\Konzola\Konzola\Konzola.csproj]
C:\Users\ratho\OneDrive\Plocha\work_2026\FASK_2026\0x_Zdrojove_Kody\Konzola\Konzola\Ciselniky\FormStrediskaList.cs(1908,50): warning CS0168: Promìnná ex je deklarovaná, ale nikdy se nepoužívá. [C:\Users\ratho\OneDrive\Plocha\work_2026\FASK_2026\0x_Zdrojove_Kody\Konzola\Konzola\Konzola.csproj]
C:\Users\ratho\OneDrive\Plocha\work_2026\FASK_2026\0x_Zdrojove_Kody\Konzola\Konzola\Ciselniky\FormStrediskaList.cs(2023,46): warning CS0168: Promìnná ex je deklarovaná, ale nikdy se nepoužívá. [C:\Users\ratho\OneDrive\Plocha\work_2026\FASK_2026\0x_Zdrojove_Kody\Konzola\Konzola\Konzola.csproj]
C:\Users\ratho\OneDrive\Plocha\work_2026\FASK_2026\0x_Zdrojove_Kody\Konzola\Konzola\Ciselniky\FormOdberateleList.cs(1441,50): warning CS0168: Promìnná ex je deklarovaná, ale nikdy se nepoužívá. [C:\Users\ratho\OneDrive\Plocha\work_2026\FASK_2026\0x_Zdrojove_Kody\Konzola\Konzola\Konzola.csproj]
C:\Users\ratho\OneDrive\Plocha\work_2026\FASK_2026\0x_Zdrojove_Kody\Konzola\Konzola\Ciselniky\FormOdberateleList.cs(1673,46): warning CS0168: Promìnná ex je deklarovaná, ale nikdy se nepoužívá. [C:\Users\ratho\OneDrive\Plocha\work_2026\FASK_2026\0x_Zdrojove_Kody\Konzola\Konzola\Konzola.csproj]
C:\Users\ratho\OneDrive\Plocha\work_2026\FASK_2026\0x_Zdrojove_Kody\Konzola\Konzola\Ciselniky\FormOdberateleList.cs(1963,50): warning CS0168: Promìnná ex je deklarovaná, ale nikdy se nepoužívá. [C:\Users\ratho\OneDrive\Plocha\work_2026\FASK_2026\0x_Zdrojove_Kody\Konzola\Konzola\Konzola.csproj]
C:\Users\ratho\OneDrive\Plocha\work_2026\FASK_2026\0x_Zdrojove_Kody\Konzola\Konzola\Ciselniky\FormLokaceMapaList.cs(1762,50): warning CS0168: Promìnná ex je deklarovaná, ale nikdy se nepoužívá. [C:\Users\ratho\OneDrive\Plocha\work_2026\FASK_2026\0x_Zdrojove_Kody\Konzola\Konzola\Konzola.csproj]
C:\Users\ratho\OneDrive\Plocha\work_2026\FASK_2026\0x_Zdrojove_Kody\Konzola\Konzola\Ciselniky\FormOdberateleList.cs(2078,46): warning CS0168: Promìnná ex je deklarovaná, ale nikdy se nepoužívá. [C:\Users\ratho\OneDrive\Plocha\work_2026\FASK_2026\0x_Zdrojove_Kody\Konzola\Konzola\Konzola.csproj]
C:\Users\ratho\OneDrive\Plocha\work_2026\FASK_2026\0x_Zdrojove_Kody\Konzola\Konzola\Ciselniky\FormLokaceMapaList.cs(1995,46): warning CS0168: Promìnná ex je deklarovaná, ale nikdy se nepoužívá. [C:\Users\ratho\OneDrive\Plocha\work_2026\FASK_2026\0x_Zdrojove_Kody\Konzola\Konzola\Konzola.csproj]
C:\Users\ratho\OneDrive\Plocha\work_2026\FASK_2026\0x_Zdrojove_Kody\Konzola\Konzola\Ciselniky\FormLokaceMapaList.cs(2248,50): warning CS0168: Promìnná ex je deklarovaná, ale nikdy se nepoužívá. [C:\Users\ratho\OneDrive\Plocha\work_2026\FASK_2026\0x_Zdrojove_Kody\Konzola\Konzola\Konzola.csproj]
C:\Users\ratho\OneDrive\Plocha\work_2026\FASK_2026\0x_Zdrojove_Kody\Konzola\Konzola\Ciselniky\FormLokaceMapaList.cs(2363,46): warning CS0168: Promìnná ex je deklarovaná, ale nikdy se nepoužívá. [C:\Users\ratho\OneDrive\Plocha\work_2026\FASK_2026\0x_Zdrojove_Kody\Konzola\Konzola\Konzola.csproj]
C:\Users\ratho\OneDrive\Plocha\work_2026\FASK_2026\0x_Zdrojove_Kody\Konzola\Konzola\Inventura\FormInventuraPredlohaList.cs(1323,50): warning CS0168: Promìnná ex je deklarovaná, ale nikdy se nepoužívá. [C:\Users\ratho\OneDrive\Plocha\work_2026\FASK_2026\0x_Zdrojove_Kody\Konzola\Konzola\Konzola.csproj]
C:\Users\ratho\OneDrive\Plocha\work_2026\FASK_2026\0x_Zdrojove_Kody\Konzola\Konzola\Ciselniky\FormPracovniciList.cs(278,13): warning CS1717: Pøiøazení probìhlo u stejné promìnné. Mìli jste v úmyslu jiné pøiøazení? [C:\Users\ratho\OneDrive\Plocha\work_2026\FASK_2026\0x_Zdrojove_Kody\Konzola\Konzola\Konzola.csproj]
C:\Users\ratho\OneDrive\Plocha\work_2026\FASK_2026\0x_Zdrojove_Kody\Konzola\Konzola\ImportniMustky\Extensions\DataSet_Import.cs(110,34): warning CS0168: Promìnná ex je deklarovaná, ale nikdy se nepoužívá. [C:\Users\ratho\OneDrive\Plocha\work_2026\FASK_2026\0x_Zdrojove_Kody\Konzola\Konzola\Konzola.csproj]
C:\Users\ratho\OneDrive\Plocha\work_2026\FASK_2026\0x_Zdrojove_Kody\Konzola\Konzola\ImportniMustky\Extensions\DataSet_Import.cs(141,38): warning CS0168: Promìnná ex je deklarovaná, ale nikdy se nepoužívá. [C:\Users\ratho\OneDrive\Plocha\work_2026\FASK_2026\0x_Zdrojove_Kody\Konzola\Konzola\Konzola.csproj]
C:\Users\ratho\OneDrive\Plocha\work_2026\FASK_2026\0x_Zdrojove_Kody\Konzola\Konzola\Ciselniky\FormPracovniciList.cs(1487,46): warning CS0168: Promìnná ex je deklarovaná, ale nikdy se nepoužívá. [C:\Users\ratho\OneDrive\Plocha\work_2026\FASK_2026\0x_Zdrojove_Kody\Konzola\Konzola\Konzola.csproj]
C:\Users\ratho\OneDrive\Plocha\work_2026\FASK_2026\0x_Zdrojove_Kody\Konzola\Konzola\Ciselniky\FormPracovniciList.cs(1782,50): warning CS0168: Promìnná ex je deklarovaná, ale nikdy se nepoužívá. [C:\Users\ratho\OneDrive\Plocha\work_2026\FASK_2026\0x_Zdrojove_Kody\Konzola\Konzola\Konzola.csproj]
C:\Users\ratho\OneDrive\Plocha\work_2026\FASK_2026\0x_Zdrojove_Kody\Konzola\Konzola\Ciselniky\FormPracovniciList.cs(1897,46): warning CS0168: Promìnná ex je deklarovaná, ale nikdy se nepoužívá. [C:\Users\ratho\OneDrive\Plocha\work_2026\FASK_2026\0x_Zdrojove_Kody\Konzola\Konzola\Konzola.csproj]
C:\Users\ratho\OneDrive\Plocha\work_2026\FASK_2026\0x_Zdrojove_Kody\Konzola\Konzola\Sklady\FormSkladPohybList.cs(1388,50): warning CS0168: Promìnná ex je deklarovaná, ale nikdy se nepoužívá. [C:\Users\ratho\OneDrive\Plocha\work_2026\FASK_2026\0x_Zdrojove_Kody\Konzola\Konzola\Konzola.csproj]
C:\Users\ratho\OneDrive\Plocha\work_2026\FASK_2026\0x_Zdrojove_Kody\Konzola\Konzola\Sklady\FormSkladPohybList.cs(1635,46): warning CS0168: Promìnná ex je deklarovaná, ale nikdy se nepoužívá. [C:\Users\ratho\OneDrive\Plocha\work_2026\FASK_2026\0x_Zdrojove_Kody\Konzola\Konzola\Konzola.csproj]
C:\Users\ratho\OneDrive\Plocha\work_2026\FASK_2026\0x_Zdrojove_Kody\Konzola\Konzola\Ciselniky\FormPracovniciList.cs(2449,22): warning CS0219: Promìnná coSeStalo má pøiøazenou hodnotu, ale nikdy se nepoužívá. [C:\Users\ratho\OneDrive\Plocha\work_2026\FASK_2026\0x_Zdrojove_Kody\Konzola\Konzola\Konzola.csproj]
C:\Users\ratho\OneDrive\Plocha\work_2026\FASK_2026\0x_Zdrojove_Kody\Konzola\Konzola\Ciselniky\FormPracovniciList.cs(2357,18): warning CS0219: Promìnná uspech má pøiøazenou hodnotu, ale nikdy se nepoužívá. [C:\Users\ratho\OneDrive\Plocha\work_2026\FASK_2026\0x_Zdrojove_Kody\Konzola\Konzola\Konzola.csproj]
C:\Users\ratho\OneDrive\Plocha\work_2026\FASK_2026\0x_Zdrojove_Kody\Konzola\Konzola\Sklady\FormSkladPohybList.cs(1887,50): warning CS0168: Promìnná ex je deklarovaná, ale nikdy se nepoužívá. [C:\Users\ratho\OneDrive\Plocha\work_2026\FASK_2026\0x_Zdrojove_Kody\Konzola\Konzola\Konzola.csproj]
C:\Users\ratho\OneDrive\Plocha\work_2026\FASK_2026\0x_Zdrojove_Kody\Konzola\Konzola\Sklady\FormTransakceSPredlohou.cs(1457,50): warning CS0168: Promìnná ex je deklarovaná, ale nikdy se nepoužívá. [C:\Users\ratho\OneDrive\Plocha\work_2026\FASK_2026\0x_Zdrojove_Kody\Konzola\Konzola\Konzola.csproj]
C:\Users\ratho\OneDrive\Plocha\work_2026\FASK_2026\0x_Zdrojove_Kody\Konzola\Konzola\Sklady\FormTransakceSPredlohou.cs(1476,34): warning CS0168: Promìnná ex je deklarovaná, ale nikdy se nepoužívá. [C:\Users\ratho\OneDrive\Plocha\work_2026\FASK_2026\0x_Zdrojove_Kody\Konzola\Konzola\Konzola.csproj]
C:\Users\ratho\OneDrive\Plocha\work_2026\FASK_2026\0x_Zdrojove_Kody\Konzola\Konzola\Inventura\FormInventura_Porovnani.cs(1425,50): warning CS0168: Promìnná ex je deklarovaná, ale nikdy se nepoužívá. [C:\Users\ratho\OneDrive\Plocha\work_2026\FASK_2026\0x_Zdrojove_Kody\Konzola\Konzola\Konzola.csproj]
C:\Users\ratho\OneDrive\Plocha\work_2026\FASK_2026\0x_Zdrojove_Kody\Konzola\Konzola\Sklady\FormSkladStavLokaceList.cs(2063,50): warning CS0168: Promìnná ex je deklarovaná, ale nikdy se nepoužívá. [C:\Users\ratho\OneDrive\Plocha\work_2026\FASK_2026\0x_Zdrojove_Kody\Konzola\Konzola\Konzola.csproj]
C:\Users\ratho\OneDrive\Plocha\work_2026\FASK_2026\0x_Zdrojove_Kody\Konzola\Konzola\Sklady\FormSkladPohybList.cs(2002,46): warning CS0168: Promìnná ex je deklarovaná, ale nikdy se nepoužívá. [C:\Users\ratho\OneDrive\Plocha\work_2026\FASK_2026\0x_Zdrojove_Kody\Konzola\Konzola\Konzola.csproj]
C:\Users\ratho\OneDrive\Plocha\work_2026\FASK_2026\0x_Zdrojove_Kody\Konzola\Konzola\Ciselniky\FormLokace.cs(1775,50): warning CS0168: Promìnná ex je deklarovaná, ale nikdy se nepoužívá. [C:\Users\ratho\OneDrive\Plocha\work_2026\FASK_2026\0x_Zdrojove_Kody\Konzola\Konzola\Konzola.csproj]
C:\Users\ratho\OneDrive\Plocha\work_2026\FASK_2026\0x_Zdrojove_Kody\Konzola\Konzola\Inventura\FormInventuraPredlohaList.cs(1556,46): warning CS0168: Promìnná ex je deklarovaná, ale nikdy se nepoužívá. [C:\Users\ratho\OneDrive\Plocha\work_2026\FASK_2026\0x_Zdrojove_Kody\Konzola\Konzola\Konzola.csproj]
C:\Users\ratho\OneDrive\Plocha\work_2026\FASK_2026\0x_Zdrojove_Kody\Konzola\Konzola\Ciselniky\FormLokace.cs(2008,46): warning CS0168: Promìnná ex je deklarovaná, ale nikdy se nepoužívá. [C:\Users\ratho\OneDrive\Plocha\work_2026\FASK_2026\0x_Zdrojove_Kody\Konzola\Konzola\Konzola.csproj]
C:\Users\ratho\OneDrive\Plocha\work_2026\FASK_2026\0x_Zdrojove_Kody\Konzola\Konzola\Inventura\FormInventuraPredlohaList.cs(1808,50): warning CS0168: Promìnná ex je deklarovaná, ale nikdy se nepoužívá. [C:\Users\ratho\OneDrive\Plocha\work_2026\FASK_2026\0x_Zdrojove_Kody\Konzola\Konzola\Konzola.csproj]
C:\Users\ratho\OneDrive\Plocha\work_2026\FASK_2026\0x_Zdrojove_Kody\Konzola\Konzola\Inventura\FormInventuraPredlohaList.cs(1923,46): warning CS0168: Promìnná ex je deklarovaná, ale nikdy se nepoužívá. [C:\Users\ratho\OneDrive\Plocha\work_2026\FASK_2026\0x_Zdrojove_Kody\Konzola\Konzola\Konzola.csproj]
C:\Users\ratho\OneDrive\Plocha\work_2026\FASK_2026\0x_Zdrojove_Kody\Konzola\Konzola\Sklady\FormTransakceSPredlohou.cs(2252,46): warning CS0168: Promìnná ex je deklarovaná, ale nikdy se nepoužívá. [C:\Users\ratho\OneDrive\Plocha\work_2026\FASK_2026\0x_Zdrojove_Kody\Konzola\Konzola\Konzola.csproj]
C:\Users\ratho\OneDrive\Plocha\work_2026\FASK_2026\0x_Zdrojove_Kody\Konzola\Konzola\Sklady\FormSkladStavLokaceList.cs(2298,46): warning CS0168: Promìnná ex je deklarovaná, ale nikdy se nepoužívá. [C:\Users\ratho\OneDrive\Plocha\work_2026\FASK_2026\0x_Zdrojove_Kody\Konzola\Konzola\Konzola.csproj]
C:\Users\ratho\OneDrive\Plocha\work_2026\FASK_2026\0x_Zdrojove_Kody\Konzola\Konzola\Ciselniky\FormLokace.cs(2297,50): warning CS0168: Promìnná ex je deklarovaná, ale nikdy se nepoužívá. [C:\Users\ratho\OneDrive\Plocha\work_2026\FASK_2026\0x_Zdrojove_Kody\Konzola\Konzola\Konzola.csproj]
C:\Users\ratho\OneDrive\Plocha\work_2026\FASK_2026\0x_Zdrojove_Kody\Konzola\Konzola\SkladLokace\FormSkladLokaceStavList.cs(1561,50): warning CS0168: Promìnná ex je deklarovaná, ale nikdy se nepoužívá. [C:\Users\ratho\OneDrive\Plocha\work_2026\FASK_2026\0x_Zdrojove_Kody\Konzola\Konzola\Konzola.csproj]
C:\Users\ratho\OneDrive\Plocha\work_2026\FASK_2026\0x_Zdrojove_Kody\Konzola\Konzola\Sklady\FormSkladStavLokaceList.cs(2550,50): warning CS0168: Promìnná ex je deklarovaná, ale nikdy se nepoužívá. [C:\Users\ratho\OneDrive\Plocha\work_2026\FASK_2026\0x_Zdrojove_Kody\Konzola\Konzola\Konzola.csproj]
C:\Users\ratho\OneDrive\Plocha\work_2026\FASK_2026\0x_Zdrojove_Kody\Konzola\Konzola\Ciselniky\FormLokace.cs(2412,46): warning CS0168: Promìnná ex je deklarovaná, ale nikdy se nepoužívá. [C:\Users\ratho\OneDrive\Plocha\work_2026\FASK_2026\0x_Zdrojove_Kody\Konzola\Konzola\Konzola.csproj]
C:\Users\ratho\OneDrive\Plocha\work_2026\FASK_2026\0x_Zdrojove_Kody\Konzola\Konzola\ImportniMustky\FormImport_SKzNC_Edit.cs(241,25): warning CS0168: Promìnná test je deklarovaná, ale nikdy se nepoužívá. [C:\Users\ratho\OneDrive\Plocha\work_2026\FASK_2026\0x_Zdrojove_Kody\Konzola\Konzola\Konzola.csproj]
C:\Users\ratho\OneDrive\Plocha\work_2026\FASK_2026\0x_Zdrojove_Kody\Konzola\Konzola\Sklady\FormTransakceSPredlohou.cs(2504,50): warning CS0168: Promìnná ex je deklarovaná, ale nikdy se nepoužívá. [C:\Users\ratho\OneDrive\Plocha\work_2026\FASK_2026\0x_Zdrojove_Kody\Konzola\Konzola\Konzola.csproj]
C:\Users\ratho\OneDrive\Plocha\work_2026\FASK_2026\0x_Zdrojove_Kody\Konzola\Konzola\Sklady\FormTransakceSPredlohou.cs(2619,46): warning CS0168: Promìnná ex je deklarovaná, ale nikdy se nepoužívá. [C:\Users\ratho\OneDrive\Plocha\work_2026\FASK_2026\0x_Zdrojove_Kody\Konzola\Konzola\Konzola.csproj]
C:\Users\ratho\OneDrive\Plocha\work_2026\FASK_2026\0x_Zdrojove_Kody\Konzola\Konzola\Ciselniky\FormZboziList.cs(982,22): warning CS0219: Promìnná coSeStalo má pøiøazenou hodnotu, ale nikdy se nepoužívá. [C:\Users\ratho\OneDrive\Plocha\work_2026\FASK_2026\0x_Zdrojove_Kody\Konzola\Konzola\Konzola.csproj]
C:\Users\ratho\OneDrive\Plocha\work_2026\FASK_2026\0x_Zdrojove_Kody\Konzola\Konzola\Sklady\FormSkladStavLokaceList.cs(2665,46): warning CS0168: Promìnná ex je deklarovaná, ale nikdy se nepoužívá. [C:\Users\ratho\OneDrive\Plocha\work_2026\FASK_2026\0x_Zdrojove_Kody\Konzola\Konzola\Konzola.csproj]
C:\Users\ratho\OneDrive\Plocha\work_2026\FASK_2026\0x_Zdrojove_Kody\Konzola\Konzola\Ciselniky\FormLokaceVariantySortimentList.cs(1324,50): warning CS0168: Promìnná ex je deklarovaná, ale nikdy se nepoužívá. [C:\Users\ratho\OneDrive\Plocha\work_2026\FASK_2026\0x_Zdrojove_Kody\Konzola\Konzola\Konzola.csproj]
C:\Users\ratho\OneDrive\Plocha\work_2026\FASK_2026\0x_Zdrojove_Kody\Konzola\Konzola\Ciselniky\FormLokaceVariantySortimentList.cs(1556,46): warning CS0168: Promìnná ex je deklarovaná, ale nikdy se nepoužívá. [C:\Users\ratho\OneDrive\Plocha\work_2026\FASK_2026\0x_Zdrojove_Kody\Konzola\Konzola\Konzola.csproj]
C:\Users\ratho\OneDrive\Plocha\work_2026\FASK_2026\0x_Zdrojove_Kody\Konzola\Konzola\Ciselniky\FormLokaceTypyList.cs(1273,50): warning CS0168: Promìnná ex je deklarovaná, ale nikdy se nepoužívá. [C:\Users\ratho\OneDrive\Plocha\work_2026\FASK_2026\0x_Zdrojove_Kody\Konzola\Konzola\Konzola.csproj]
C:\Users\ratho\OneDrive\Plocha\work_2026\FASK_2026\0x_Zdrojove_Kody\Konzola\Konzola\Ciselniky\FormLokaceTypyList.cs(1506,46): warning CS0168: Promìnná ex je deklarovaná, ale nikdy se nepoužívá. [C:\Users\ratho\OneDrive\Plocha\work_2026\FASK_2026\0x_Zdrojove_Kody\Konzola\Konzola\Konzola.csproj]
C:\Users\ratho\OneDrive\Plocha\work_2026\FASK_2026\0x_Zdrojove_Kody\Konzola\Konzola\Vyroba\Ciselnik\Form_Stroje.cs(1618,46): warning CS0168: Promìnná ex je deklarovaná, ale nikdy se nepoužívá. [C:\Users\ratho\OneDrive\Plocha\work_2026\FASK_2026\0x_Zdrojove_Kody\Konzola\Konzola\Konzola.csproj]
C:\Users\ratho\OneDrive\Plocha\work_2026\FASK_2026\0x_Zdrojove_Kody\Konzola\Konzola\Vyroba\Ciselnik\Form_Stroje.cs(1843,46): warning CS0168: Promìnná ex je deklarovaná, ale nikdy se nepoužívá. [C:\Users\ratho\OneDrive\Plocha\work_2026\FASK_2026\0x_Zdrojove_Kody\Konzola\Konzola\Konzola.csproj]
C:\Users\ratho\OneDrive\Plocha\work_2026\FASK_2026\0x_Zdrojove_Kody\Konzola\Konzola\Vyroba\Ciselnik\Form_Moduly.cs(540,71): warning CS0219: Promìnná newMachinesDefinitionrow má pøiøazenou hodnotu, ale nikdy se nepoužívá. [C:\Users\ratho\OneDrive\Plocha\work_2026\FASK_2026\0x_Zdrojove_Kody\Konzola\Konzola\Konzola.csproj]
C:\Users\ratho\OneDrive\Plocha\work_2026\FASK_2026\0x_Zdrojove_Kody\Konzola\Konzola\Ciselniky\FormLokaceVariantySortimentList.cs(1808,50): warning CS0168: Promìnná ex je deklarovaná, ale nikdy se nepoužívá. [C:\Users\ratho\OneDrive\Plocha\work_2026\FASK_2026\0x_Zdrojove_Kody\Konzola\Konzola\Konzola.csproj]
C:\Users\ratho\OneDrive\Plocha\work_2026\FASK_2026\0x_Zdrojove_Kody\Konzola\Konzola\Vyroba\Ciselnik\Form_Stroje.cs(2132,50): warning CS0168: Promìnná ex je deklarovaná, ale nikdy se nepoužívá. [C:\Users\ratho\OneDrive\Plocha\work_2026\FASK_2026\0x_Zdrojove_Kody\Konzola\Konzola\Konzola.csproj]
C:\Users\ratho\OneDrive\Plocha\work_2026\FASK_2026\0x_Zdrojove_Kody\Konzola\Konzola\Vyroba\Ciselnik\Form_Stroje.cs(2387,46): warning CS0168: Promìnná ex je deklarovaná, ale nikdy se nepoužívá. [C:\Users\ratho\OneDrive\Plocha\work_2026\FASK_2026\0x_Zdrojove_Kody\Konzola\Konzola\Konzola.csproj]
C:\Users\ratho\OneDrive\Plocha\work_2026\FASK_2026\0x_Zdrojove_Kody\Konzola\Konzola\Ciselniky\FormZboziList.cs(1980,46): warning CS0168: Promìnná ex je deklarovaná, ale nikdy se nepoužívá. [C:\Users\ratho\OneDrive\Plocha\work_2026\FASK_2026\0x_Zdrojove_Kody\Konzola\Konzola\Konzola.csproj]
C:\Users\ratho\OneDrive\Plocha\work_2026\FASK_2026\0x_Zdrojove_Kody\Konzola\Konzola\Ciselniky\FormLokaceTypyList.cs(1758,50): warning CS0168: Promìnná ex je deklarovaná, ale nikdy se nepoužívá. [C:\Users\ratho\OneDrive\Plocha\work_2026\FASK_2026\0x_Zdrojove_Kody\Konzola\Konzola\Konzola.csproj]
C:\Users\ratho\OneDrive\Plocha\work_2026\FASK_2026\0x_Zdrojove_Kody\Konzola\Konzola\Ciselniky\FormLokaceTypyList.cs(1873,46): warning CS0168: Promìnná ex je deklarovaná, ale nikdy se nepoužívá. [C:\Users\ratho\OneDrive\Plocha\work_2026\FASK_2026\0x_Zdrojove_Kody\Konzola\Konzola\Konzola.csproj]
C:\Users\ratho\OneDrive\Plocha\work_2026\FASK_2026\0x_Zdrojove_Kody\Konzola\Konzola\Ciselniky\FormLokaceVariantySortimentList.cs(1923,46): warning CS0168: Promìnná ex je deklarovaná, ale nikdy se nepoužívá. [C:\Users\ratho\OneDrive\Plocha\work_2026\FASK_2026\0x_Zdrojove_Kody\Konzola\Konzola\Konzola.csproj]
C:\Users\ratho\OneDrive\Plocha\work_2026\FASK_2026\0x_Zdrojove_Kody\Konzola\Konzola\Prijem\FormPrijemNasnimaneList.cs(1423,50): warning CS0168: Promìnná ex je deklarovaná, ale nikdy se nepoužívá. [C:\Users\ratho\OneDrive\Plocha\work_2026\FASK_2026\0x_Zdrojove_Kody\Konzola\Konzola\Konzola.csproj]
C:\Users\ratho\OneDrive\Plocha\work_2026\FASK_2026\0x_Zdrojove_Kody\Konzola\Konzola\Forms\Spolecne\FormVyrabenePolozky.cs(890,24): warning CS0618: FormProductionEdit je zastaralá: Stara funkcionalita, nove se pouziva 'FormProductionEdit2', kde je mozno editovat vice dat. [C:\Users\ratho\OneDrive\Plocha\work_2026\FASK_2026\0x_Zdrojove_Kody\Konzola\Konzola\Konzola.csproj]
C:\Users\ratho\OneDrive\Plocha\work_2026\FASK_2026\0x_Zdrojove_Kody\Konzola\Konzola\Forms\Spolecne\FormVyrabenePolozky.cs(890,57): warning CS0618: FormProductionEdit je zastaralá: Stara funkcionalita, nove se pouziva 'FormProductionEdit2', kde je mozno editovat vice dat. [C:\Users\ratho\OneDrive\Plocha\work_2026\FASK_2026\0x_Zdrojove_Kody\Konzola\Konzola\Konzola.csproj]
C:\Users\ratho\OneDrive\Plocha\work_2026\FASK_2026\0x_Zdrojove_Kody\Konzola\Konzola\Prijem\FormPrijemNasnimaneList.cs(1659,46): warning CS0168: Promìnná ex je deklarovaná, ale nikdy se nepoužívá. [C:\Users\ratho\OneDrive\Plocha\work_2026\FASK_2026\0x_Zdrojove_Kody\Konzola\Konzola\Konzola.csproj]
C:\Users\ratho\OneDrive\Plocha\work_2026\FASK_2026\0x_Zdrojove_Kody\Konzola\Konzola\Prijem\FormPrijemNasnimaneList.cs(1911,50): warning CS0168: Promìnná ex je deklarovaná, ale nikdy se nepoužívá. [C:\Users\ratho\OneDrive\Plocha\work_2026\FASK_2026\0x_Zdrojove_Kody\Konzola\Konzola\Konzola.csproj]
C:\Users\ratho\OneDrive\Plocha\work_2026\FASK_2026\0x_Zdrojove_Kody\Konzola\Konzola\Ciselniky\FormZboziList.cs(2312,50): warning CS0168: Promìnná ex je deklarovaná, ale nikdy se nepoužívá. [C:\Users\ratho\OneDrive\Plocha\work_2026\FASK_2026\0x_Zdrojove_Kody\Konzola\Konzola\Konzola.csproj]
C:\Users\ratho\OneDrive\Plocha\work_2026\FASK_2026\0x_Zdrojove_Kody\Konzola\Konzola\Ciselniky\FormZboziList.cs(2427,46): warning CS0168: Promìnná ex je deklarovaná, ale nikdy se nepoužívá. [C:\Users\ratho\OneDrive\Plocha\work_2026\FASK_2026\0x_Zdrojove_Kody\Konzola\Konzola\Konzola.csproj]
C:\Users\ratho\OneDrive\Plocha\work_2026\FASK_2026\0x_Zdrojove_Kody\Konzola\Konzola\Ciselniky\FormSkladyList.cs(1649,50): warning CS0168: Promìnná ex je deklarovaná, ale nikdy se nepoužívá. [C:\Users\ratho\OneDrive\Plocha\work_2026\FASK_2026\0x_Zdrojove_Kody\Konzola\Konzola\Konzola.csproj]
C:\Users\ratho\OneDrive\Plocha\work_2026\FASK_2026\0x_Zdrojove_Kody\Konzola\Konzola\Prijem\FormPrijemNasnimaneList.cs(2026,46): warning CS0168: Promìnná ex je deklarovaná, ale nikdy se nepoužívá. [C:\Users\ratho\OneDrive\Plocha\work_2026\FASK_2026\0x_Zdrojove_Kody\Konzola\Konzola\Konzola.csproj]
C:\Users\ratho\OneDrive\Plocha\work_2026\FASK_2026\0x_Zdrojove_Kody\Konzola\Konzola\Inventura\FormInv_PredlohaList.cs(2025,50): warning CS0168: Promìnná ex je deklarovaná, ale nikdy se nepoužívá. [C:\Users\ratho\OneDrive\Plocha\work_2026\FASK_2026\0x_Zdrojove_Kody\Konzola\Konzola\Konzola.csproj]
C:\Users\ratho\OneDrive\Plocha\work_2026\FASK_2026\0x_Zdrojove_Kody\Konzola\Konzola\Inventura\FormInv_PredlohaList.cs(2241,46): warning CS0168: Promìnná ex je deklarovaná, ale nikdy se nepoužívá. [C:\Users\ratho\OneDrive\Plocha\work_2026\FASK_2026\0x_Zdrojove_Kody\Konzola\Konzola\Konzola.csproj]
C:\Users\ratho\OneDrive\Plocha\work_2026\FASK_2026\0x_Zdrojove_Kody\Konzola\Konzola\Inventura\FormInv_PredlohaList.cs(2655,50): warning CS0168: Promìnná ex je deklarovaná, ale nikdy se nepoužívá. [C:\Users\ratho\OneDrive\Plocha\work_2026\FASK_2026\0x_Zdrojove_Kody\Konzola\Konzola\Konzola.csproj]
C:\Users\ratho\OneDrive\Plocha\work_2026\FASK_2026\0x_Zdrojove_Kody\Konzola\Konzola\Inventura\FormInv_PredlohaList.cs(2775,46): warning CS0168: Promìnná ex je deklarovaná, ale nikdy se nepoužívá. [C:\Users\ratho\OneDrive\Plocha\work_2026\FASK_2026\0x_Zdrojove_Kody\Konzola\Konzola\Konzola.csproj]
C:\Users\ratho\OneDrive\Plocha\work_2026\FASK_2026\0x_Zdrojove_Kody\Konzola\Konzola\Forms\Spolecne\FormVyrabenePolozky.cs(1371,26): warning CS0168: Promìnná dtStop je deklarovaná, ale nikdy se nepoužívá. [C:\Users\ratho\OneDrive\Plocha\work_2026\FASK_2026\0x_Zdrojove_Kody\Konzola\Konzola\Konzola.csproj]
C:\Users\ratho\OneDrive\Plocha\work_2026\FASK_2026\0x_Zdrojove_Kody\Konzola\Konzola\Forms\Spolecne\FormVyrabenePolozky.cs(1372,25): warning CS0168: Promìnná dMnozstvi je deklarovaná, ale nikdy se nepoužívá. [C:\Users\ratho\OneDrive\Plocha\work_2026\FASK_2026\0x_Zdrojove_Kody\Konzola\Konzola\Konzola.csproj]
C:\Users\ratho\OneDrive\Plocha\work_2026\FASK_2026\0x_Zdrojove_Kody\Konzola\Konzola\Vyroba\Ciselnik\Form_Moduly.cs(1626,46): warning CS0168: Promìnná ex je deklarovaná, ale nikdy se nepoužívá. [C:\Users\ratho\OneDrive\Plocha\work_2026\FASK_2026\0x_Zdrojove_Kody\Konzola\Konzola\Konzola.csproj]
C:\Users\ratho\OneDrive\Plocha\work_2026\FASK_2026\0x_Zdrojove_Kody\Konzola\Konzola\Vyroba\Rozbory\Form_MachineStateSetList_RozborOdvoduSSS.cs(1701,46): warning CS0168: Promìnná ex je deklarovaná, ale nikdy se nepoužívá. [C:\Users\ratho\OneDrive\Plocha\work_2026\FASK_2026\0x_Zdrojove_Kody\Konzola\Konzola\Konzola.csproj]
C:\Users\ratho\OneDrive\Plocha\work_2026\FASK_2026\0x_Zdrojove_Kody\Konzola\Konzola\Ciselniky\FormSkladyList.cs(1882,46): warning CS0168: Promìnná ex je deklarovaná, ale nikdy se nepoužívá. [C:\Users\ratho\OneDrive\Plocha\work_2026\FASK_2026\0x_Zdrojove_Kody\Konzola\Konzola\Konzola.csproj]
C:\Users\ratho\OneDrive\Plocha\work_2026\FASK_2026\0x_Zdrojove_Kody\Konzola\Konzola\Vyroba\Ciselnik\Form_Moduly.cs(1851,46): warning CS0168: Promìnná ex je deklarovaná, ale nikdy se nepoužívá. [C:\Users\ratho\OneDrive\Plocha\work_2026\FASK_2026\0x_Zdrojove_Kody\Konzola\Konzola\Konzola.csproj]
C:\Users\ratho\OneDrive\Plocha\work_2026\FASK_2026\0x_Zdrojove_Kody\Konzola\Konzola\Vyroba\Rozbory\Form_MachineStateSetList_RozborOdvoduSSS.cs(1926,46): warning CS0168: Promìnná ex je deklarovaná, ale nikdy se nepoužívá. [C:\Users\ratho\OneDrive\Plocha\work_2026\FASK_2026\0x_Zdrojove_Kody\Konzola\Konzola\Konzola.csproj]
C:\Users\ratho\OneDrive\Plocha\work_2026\FASK_2026\0x_Zdrojove_Kody\Konzola\Konzola\Ciselniky\FormSkladyList.cs(2172,50): warning CS0168: Promìnná ex je deklarovaná, ale nikdy se nepoužívá. [C:\Users\ratho\OneDrive\Plocha\work_2026\FASK_2026\0x_Zdrojove_Kody\Konzola\Konzola\Konzola.csproj]
C:\Users\ratho\OneDrive\Plocha\work_2026\FASK_2026\0x_Zdrojove_Kody\Konzola\Konzola\VolnyPohyb\FormVolnyPohybNasnimaneList.cs(1796,54): warning CS0168: Promìnná ex je deklarovaná, ale nikdy se nepoužívá. [C:\Users\ratho\OneDrive\Plocha\work_2026\FASK_2026\0x_Zdrojove_Kody\Konzola\Konzola\Konzola.csproj]
C:\Users\ratho\OneDrive\Plocha\work_2026\FASK_2026\0x_Zdrojove_Kody\Konzola\Konzola\Vyroba\Rozbory\FormOdvod_MachineStateSetList .cs(1669,46): warning CS0168: Promìnná ex je deklarovaná, ale nikdy se nepoužívá. [C:\Users\ratho\OneDrive\Plocha\work_2026\FASK_2026\0x_Zdrojove_Kody\Konzola\Konzola\Konzola.csproj]
C:\Users\ratho\OneDrive\Plocha\work_2026\FASK_2026\0x_Zdrojove_Kody\Konzola\Konzola\VolnyPohyb\FormVolnyPohybNasnimaneList.cs(2055,46): warning CS0168: Promìnná ex je deklarovaná, ale nikdy se nepoužívá. [C:\Users\ratho\OneDrive\Plocha\work_2026\FASK_2026\0x_Zdrojove_Kody\Konzola\Konzola\Konzola.csproj]
C:\Users\ratho\OneDrive\Plocha\work_2026\FASK_2026\0x_Zdrojove_Kody\Konzola\Konzola\Vyroba\Rozbory\FormOdvod_MachineStateSetList .cs(1894,46): warning CS0168: Promìnná ex je deklarovaná, ale nikdy se nepoužívá. [C:\Users\ratho\OneDrive\Plocha\work_2026\FASK_2026\0x_Zdrojove_Kody\Konzola\Konzola\Konzola.csproj]
C:\Users\ratho\OneDrive\Plocha\work_2026\FASK_2026\0x_Zdrojove_Kody\Konzola\Konzola\Vyroba\Rozbory\FormOdvod_EventsErrList.cs(1537,46): warning CS0168: Promìnná ex je deklarovaná, ale nikdy se nepoužívá. [C:\Users\ratho\OneDrive\Plocha\work_2026\FASK_2026\0x_Zdrojove_Kody\Konzola\Konzola\Konzola.csproj]
C:\Users\ratho\OneDrive\Plocha\work_2026\FASK_2026\0x_Zdrojove_Kody\Konzola\Konzola\Vydej\FormVydejNasnimaneList.cs(1494,13): warning CS0162: Byl zjištìn nedosažitelný kód. [C:\Users\ratho\OneDrive\Plocha\work_2026\FASK_2026\0x_Zdrojove_Kody\Konzola\Konzola\Konzola.csproj]
C:\Users\ratho\OneDrive\Plocha\work_2026\FASK_2026\0x_Zdrojove_Kody\Konzola\Konzola\Vyroba\Rozbory\FormProductionList.cs(1100,24): warning CS0618: FormProductionEdit je zastaralá: Stara funkcionalita, nove se pouziva 'FormProductionEdit2', kde je mozno editovat vice dat. [C:\Users\ratho\OneDrive\Plocha\work_2026\FASK_2026\0x_Zdrojove_Kody\Konzola\Konzola\Konzola.csproj]
C:\Users\ratho\OneDrive\Plocha\work_2026\FASK_2026\0x_Zdrojove_Kody\Konzola\Konzola\Vyroba\Rozbory\FormProductionList.cs(1100,57): warning CS0618: FormProductionEdit je zastaralá: Stara funkcionalita, nove se pouziva 'FormProductionEdit2', kde je mozno editovat vice dat. [C:\Users\ratho\OneDrive\Plocha\work_2026\FASK_2026\0x_Zdrojove_Kody\Konzola\Konzola\Konzola.csproj]
C:\Users\ratho\OneDrive\Plocha\work_2026\FASK_2026\0x_Zdrojove_Kody\Konzola\Konzola\Vydej\FormVydejNasnimaneList.cs(1639,46): warning CS0168: Promìnná ex je deklarovaná, ale nikdy se nepoužívá. [C:\Users\ratho\OneDrive\Plocha\work_2026\FASK_2026\0x_Zdrojove_Kody\Konzola\Konzola\Konzola.csproj]
C:\Users\ratho\OneDrive\Plocha\work_2026\FASK_2026\0x_Zdrojove_Kody\Konzola\Konzola\Vyroba\Rozbory\FormProductionSourcesEdit2.cs(816,30): warning CS0168: Promìnná ex je deklarovaná, ale nikdy se nepoužívá. [C:\Users\ratho\OneDrive\Plocha\work_2026\FASK_2026\0x_Zdrojove_Kody\Konzola\Konzola\Konzola.csproj]
C:\Users\ratho\OneDrive\Plocha\work_2026\FASK_2026\0x_Zdrojove_Kody\Konzola\Konzola\Planovani\Kapacitni_Planovani\FormMaterial.cs(1041,46): warning CS0168: Promìnná ex je deklarovaná, ale nikdy se nepoužívá. [C:\Users\ratho\OneDrive\Plocha\work_2026\FASK_2026\0x_Zdrojove_Kody\Konzola\Konzola\Konzola.csproj]
C:\Users\ratho\OneDrive\Plocha\work_2026\FASK_2026\0x_Zdrojove_Kody\Konzola\Konzola\Vyroba\Rozbory\Form_MachineStateSetList_RozborOdvoduSSS.cs(2215,50): warning CS0168: Promìnná ex je deklarovaná, ale nikdy se nepoužívá. [C:\Users\ratho\OneDrive\Plocha\work_2026\FASK_2026\0x_Zdrojove_Kody\Konzola\Konzola\Konzola.csproj]
C:\Users\ratho\OneDrive\Plocha\work_2026\FASK_2026\0x_Zdrojove_Kody\Konzola\Konzola\Vydej\FormVydejNasnimaneList.cs(1891,50): warning CS0168: Promìnná ex je deklarovaná, ale nikdy se nepoužívá. [C:\Users\ratho\OneDrive\Plocha\work_2026\FASK_2026\0x_Zdrojove_Kody\Konzola\Konzola\Konzola.csproj]
C:\Users\ratho\OneDrive\Plocha\work_2026\FASK_2026\0x_Zdrojove_Kody\Konzola\Konzola\Vyroba\Rozbory\FormOdvod_EventsErrList.cs(1869,50): warning CS0168: Promìnná ex je deklarovaná, ale nikdy se nepoužívá. [C:\Users\ratho\OneDrive\Plocha\work_2026\FASK_2026\0x_Zdrojove_Kody\Konzola\Konzola\Konzola.csproj]
C:\Users\ratho\OneDrive\Plocha\work_2026\FASK_2026\0x_Zdrojove_Kody\Konzola\Konzola\Vydej\FormVydejNasnimaneList.cs(2006,46): warning CS0168: Promìnná ex je deklarovaná, ale nikdy se nepoužívá. [C:\Users\ratho\OneDrive\Plocha\work_2026\FASK_2026\0x_Zdrojove_Kody\Konzola\Konzola\Konzola.csproj]
C:\Users\ratho\OneDrive\Plocha\work_2026\FASK_2026\0x_Zdrojove_Kody\Konzola\Konzola\Vyroba\Rozbory\FormOdvod_EventsErrList.cs(1984,46): warning CS0168: Promìnná ex je deklarovaná, ale nikdy se nepoužívá. [C:\Users\ratho\OneDrive\Plocha\work_2026\FASK_2026\0x_Zdrojove_Kody\Konzola\Konzola\Konzola.csproj]
C:\Users\ratho\OneDrive\Plocha\work_2026\FASK_2026\0x_Zdrojove_Kody\Konzola\Konzola\Vyroba\Ciselnik\FormSkupinyList.cs(894,50): warning CS0168: Promìnná ex je deklarovaná, ale nikdy se nepoužívá. [C:\Users\ratho\OneDrive\Plocha\work_2026\FASK_2026\0x_Zdrojove_Kody\Konzola\Konzola\Konzola.csproj]
C:\Users\ratho\OneDrive\Plocha\work_2026\FASK_2026\0x_Zdrojove_Kody\Konzola\Konzola\Planovani\Kapacitni_Planovani\FormMaterial.cs(1357,50): warning CS0168: Promìnná ex je deklarovaná, ale nikdy se nepoužívá. [C:\Users\ratho\OneDrive\Plocha\work_2026\FASK_2026\0x_Zdrojove_Kody\Konzola\Konzola\Konzola.csproj]
C:\Users\ratho\OneDrive\Plocha\work_2026\FASK_2026\0x_Zdrojove_Kody\Konzola\Konzola\Vyroba\Rozbory\FormOdvod_MachineStateSetList .cs(2146,50): warning CS0168: Promìnná ex je deklarovaná, ale nikdy se nepoužívá. [C:\Users\ratho\OneDrive\Plocha\work_2026\FASK_2026\0x_Zdrojove_Kody\Konzola\Konzola\Konzola.csproj]
C:\Users\ratho\OneDrive\Plocha\work_2026\FASK_2026\0x_Zdrojove_Kody\Konzola\Konzola\Planovani\Kapacitni_Planovani\FormMaterial.cs(1472,46): warning CS0168: Promìnná ex je deklarovaná, ale nikdy se nepoužívá. [C:\Users\ratho\OneDrive\Plocha\work_2026\FASK_2026\0x_Zdrojove_Kody\Konzola\Konzola\Konzola.csproj]
C:\Users\ratho\OneDrive\Plocha\work_2026\FASK_2026\0x_Zdrojove_Kody\Konzola\Konzola\Vyroba\Rozbory\FormOdvod_MachineStateSetList .cs(2261,46): warning CS0168: Promìnná ex je deklarovaná, ale nikdy se nepoužívá. [C:\Users\ratho\OneDrive\Plocha\work_2026\FASK_2026\0x_Zdrojove_Kody\Konzola\Konzola\Konzola.csproj]
C:\Users\ratho\OneDrive\Plocha\work_2026\FASK_2026\0x_Zdrojove_Kody\Konzola\Konzola\Vyroba\Rozbory\Form_MachineStateSetList_RozborOdvoduSSS.cs(2470,46): warning CS0168: Promìnná ex je deklarovaná, ale nikdy se nepoužívá. [C:\Users\ratho\OneDrive\Plocha\work_2026\FASK_2026\0x_Zdrojove_Kody\Konzola\Konzola\Konzola.csproj]
C:\Users\ratho\OneDrive\Plocha\work_2026\FASK_2026\0x_Zdrojove_Kody\Konzola\Konzola\Ciselniky\FormSkladyList.cs(2287,46): warning CS0168: Promìnná ex je deklarovaná, ale nikdy se nepoužívá. [C:\Users\ratho\OneDrive\Plocha\work_2026\FASK_2026\0x_Zdrojove_Kody\Konzola\Konzola\Konzola.csproj]
C:\Users\ratho\OneDrive\Plocha\work_2026\FASK_2026\0x_Zdrojove_Kody\Konzola\Konzola\Vyroba\Ciselnik\FormSkupinyList.cs(1124,46): warning CS0168: Promìnná ex je deklarovaná, ale nikdy se nepoužívá. [C:\Users\ratho\OneDrive\Plocha\work_2026\FASK_2026\0x_Zdrojove_Kody\Konzola\Konzola\Konzola.csproj]
C:\Users\ratho\OneDrive\Plocha\work_2026\FASK_2026\0x_Zdrojove_Kody\Konzola\Konzola\VolnyPohyb\FormVolnyPohybNasnimaneList.cs(2302,50): warning CS0168: Promìnná ex je deklarovaná, ale nikdy se nepoužívá. [C:\Users\ratho\OneDrive\Plocha\work_2026\FASK_2026\0x_Zdrojove_Kody\Konzola\Konzola\Konzola.csproj]
C:\Users\ratho\OneDrive\Plocha\work_2026\FASK_2026\0x_Zdrojove_Kody\Konzola\Konzola\Vyroba\Ciselnik\FormSkupinyList.cs(1413,50): warning CS0168: Promìnná ex je deklarovaná, ale nikdy se nepoužívá. [C:\Users\ratho\OneDrive\Plocha\work_2026\FASK_2026\0x_Zdrojove_Kody\Konzola\Konzola\Konzola.csproj]
C:\Users\ratho\OneDrive\Plocha\work_2026\FASK_2026\0x_Zdrojove_Kody\Konzola\Konzola\VolnyPohyb\FormVolnyPohybNasnimaneList.cs(2417,46): warning CS0168: Promìnná ex je deklarovaná, ale nikdy se nepoužívá. [C:\Users\ratho\OneDrive\Plocha\work_2026\FASK_2026\0x_Zdrojove_Kody\Konzola\Konzola\Konzola.csproj]
C:\Users\ratho\OneDrive\Plocha\work_2026\FASK_2026\0x_Zdrojove_Kody\Konzola\Konzola\Vyroba\Ciselnik\FormSkupinyList.cs(1528,46): warning CS0168: Promìnná ex je deklarovaná, ale nikdy se nepoužívá. [C:\Users\ratho\OneDrive\Plocha\work_2026\FASK_2026\0x_Zdrojove_Kody\Konzola\Konzola\Konzola.csproj]
C:\Users\ratho\OneDrive\Plocha\work_2026\FASK_2026\0x_Zdrojove_Kody\Konzola\Konzola\Vyroba\Rozbory\FormProduction_SN_List.cs(1069,46): warning CS0168: Promìnná ex je deklarovaná, ale nikdy se nepoužívá. [C:\Users\ratho\OneDrive\Plocha\work_2026\FASK_2026\0x_Zdrojove_Kody\Konzola\Konzola\Konzola.csproj]
C:\Users\ratho\OneDrive\Plocha\work_2026\FASK_2026\0x_Zdrojove_Kody\Konzola\Konzola\Vyroba\Ciselnik\Form_Moduly.cs(2140,50): warning CS0168: Promìnná ex je deklarovaná, ale nikdy se nepoužívá. [C:\Users\ratho\OneDrive\Plocha\work_2026\FASK_2026\0x_Zdrojove_Kody\Konzola\Konzola\Konzola.csproj]
C:\Users\ratho\OneDrive\Plocha\work_2026\FASK_2026\0x_Zdrojove_Kody\Konzola\Konzola\Vyroba\Ciselnik\Form_Moduly.cs(2395,46): warning CS0168: Promìnná ex je deklarovaná, ale nikdy se nepoužívá. [C:\Users\ratho\OneDrive\Plocha\work_2026\FASK_2026\0x_Zdrojove_Kody\Konzola\Konzola\Konzola.csproj]
C:\Users\ratho\OneDrive\Plocha\work_2026\FASK_2026\0x_Zdrojove_Kody\Konzola\Konzola\Forms\Spolecne\FormVyrabenePolozky.cs(2445,33): warning CS0219: Promìnná pocetArchZaznamu má pøiøazenou hodnotu, ale nikdy se nepoužívá. [C:\Users\ratho\OneDrive\Plocha\work_2026\FASK_2026\0x_Zdrojove_Kody\Konzola\Konzola\Konzola.csproj]
C:\Users\ratho\OneDrive\Plocha\work_2026\FASK_2026\0x_Zdrojove_Kody\Konzola\Konzola\Vyroba\Rozbory\FormProductionSourecesList.cs(1588,46): warning CS0168: Promìnná ex je deklarovaná, ale nikdy se nepoužívá. [C:\Users\ratho\OneDrive\Plocha\work_2026\FASK_2026\0x_Zdrojove_Kody\Konzola\Konzola\Konzola.csproj]
C:\Users\ratho\OneDrive\Plocha\work_2026\FASK_2026\0x_Zdrojove_Kody\Konzola\Konzola\Forms\Spolecne\FormVyrabenePolozky.cs(2576,46): warning CS0168: Promìnná ex je deklarovaná, ale nikdy se nepoužívá. [C:\Users\ratho\OneDrive\Plocha\work_2026\FASK_2026\0x_Zdrojove_Kody\Konzola\Konzola\Konzola.csproj]
C:\Users\ratho\OneDrive\Plocha\work_2026\FASK_2026\0x_Zdrojove_Kody\Konzola\Konzola\Vyroba\Rozbory\FormProduction_SN_List.cs(1841,50): warning CS0168: Promìnná ex je deklarovaná, ale nikdy se nepoužívá. [C:\Users\ratho\OneDrive\Plocha\work_2026\FASK_2026\0x_Zdrojove_Kody\Konzola\Konzola\Konzola.csproj]
C:\Users\ratho\OneDrive\Plocha\work_2026\FASK_2026\0x_Zdrojove_Kody\Konzola\Konzola\Forms\Spolecne\FormVyrabenePolozky.cs(2830,50): warning CS0168: Promìnná ex je deklarovaná, ale nikdy se nepoužívá. [C:\Users\ratho\OneDrive\Plocha\work_2026\FASK_2026\0x_Zdrojove_Kody\Konzola\Konzola\Konzola.csproj]
C:\Users\ratho\OneDrive\Plocha\work_2026\FASK_2026\0x_Zdrojove_Kody\Konzola\Konzola\Vyroba\Rozbory\FormProductionList.cs(2896,46): warning CS0168: Promìnná ex je deklarovaná, ale nikdy se nepoužívá. [C:\Users\ratho\OneDrive\Plocha\work_2026\FASK_2026\0x_Zdrojove_Kody\Konzola\Konzola\Konzola.csproj]
C:\Users\ratho\OneDrive\Plocha\work_2026\FASK_2026\0x_Zdrojove_Kody\Konzola\Konzola\Vyroba\Rozbory\FormProductionSourecesList.cs(1931,50): warning CS0168: Promìnná ex je deklarovaná, ale nikdy se nepoužívá. [C:\Users\ratho\OneDrive\Plocha\work_2026\FASK_2026\0x_Zdrojove_Kody\Konzola\Konzola\Konzola.csproj]
C:\Users\ratho\OneDrive\Plocha\work_2026\FASK_2026\0x_Zdrojove_Kody\Konzola\Konzola\Vyroba\Rozbory\FormProductionSourecesList.cs(2046,46): warning CS0168: Promìnná ex je deklarovaná, ale nikdy se nepoužívá. [C:\Users\ratho\OneDrive\Plocha\work_2026\FASK_2026\0x_Zdrojove_Kody\Konzola\Konzola\Konzola.csproj]
C:\Users\ratho\OneDrive\Plocha\work_2026\FASK_2026\0x_Zdrojove_Kody\Konzola\Konzola\Vyroba\Transakce\FormVyrobniPrikazList.cs(860,50): warning CS0168: Promìnná ex je deklarovaná, ale nikdy se nepoužívá. [C:\Users\ratho\OneDrive\Plocha\work_2026\FASK_2026\0x_Zdrojove_Kody\Konzola\Konzola\Konzola.csproj]
C:\Users\ratho\OneDrive\Plocha\work_2026\FASK_2026\0x_Zdrojove_Kody\Konzola\Konzola\Vyroba\Rozbory\FormProduction_SN_List.cs(1956,46): warning CS0168: Promìnná ex je deklarovaná, ale nikdy se nepoužívá. [C:\Users\ratho\OneDrive\Plocha\work_2026\FASK_2026\0x_Zdrojove_Kody\Konzola\Konzola\Konzola.csproj]
C:\Users\ratho\OneDrive\Plocha\work_2026\FASK_2026\0x_Zdrojove_Kody\Konzola\Konzola\Forms\Spolecne\FormVyrabenePolozky.cs(2950,50): warning CS0168: Promìnná ex je deklarovaná, ale nikdy se nepoužívá. [C:\Users\ratho\OneDrive\Plocha\work_2026\FASK_2026\0x_Zdrojove_Kody\Konzola\Konzola\Konzola.csproj]
C:\Users\ratho\OneDrive\Plocha\work_2026\FASK_2026\0x_Zdrojove_Kody\Konzola\Konzola\Vyroba\Rozbory\FormProductionList.cs(3148,50): warning CS0168: Promìnná ex je deklarovaná, ale nikdy se nepoužívá. [C:\Users\ratho\OneDrive\Plocha\work_2026\FASK_2026\0x_Zdrojove_Kody\Konzola\Konzola\Konzola.csproj]
C:\Users\ratho\OneDrive\Plocha\work_2026\FASK_2026\0x_Zdrojove_Kody\Konzola\Konzola\Vyroba\Rozbory\FormProductionList.cs(3263,46): warning CS0168: Promìnná ex je deklarovaná, ale nikdy se nepoužívá. [C:\Users\ratho\OneDrive\Plocha\work_2026\FASK_2026\0x_Zdrojove_Kody\Konzola\Konzola\Konzola.csproj]
C:\Users\ratho\OneDrive\Plocha\work_2026\FASK_2026\0x_Zdrojove_Kody\Konzola\Konzola\Vyroba\Ciselnik\FormVazbyMaterialy.cs(2195,50): warning CS0168: Promìnná ex je deklarovaná, ale nikdy se nepoužívá. [C:\Users\ratho\OneDrive\Plocha\work_2026\FASK_2026\0x_Zdrojove_Kody\Konzola\Konzola\Konzola.csproj]
C:\Users\ratho\OneDrive\Plocha\work_2026\FASK_2026\0x_Zdrojove_Kody\Konzola\Konzola\Vyroba\Ciselnik\FormVazbyMaterialy.cs(2422,46): warning CS0168: Promìnná ex je deklarovaná, ale nikdy se nepoužívá. [C:\Users\ratho\OneDrive\Plocha\work_2026\FASK_2026\0x_Zdrojove_Kody\Konzola\Konzola\Konzola.csproj]
C:\Users\ratho\OneDrive\Plocha\work_2026\FASK_2026\0x_Zdrojove_Kody\Konzola\Konzola\Vyroba\Rozbory\FormOdvod_EventsList.cs(1850,50): warning CS0168: Promìnná ex je deklarovaná, ale nikdy se nepoužívá. [C:\Users\ratho\OneDrive\Plocha\work_2026\FASK_2026\0x_Zdrojove_Kody\Konzola\Konzola\Konzola.csproj]
C:\Users\ratho\OneDrive\Plocha\work_2026\FASK_2026\0x_Zdrojove_Kody\Konzola\Konzola\Vyroba\Ciselnik\FormVazbyMaterialy.cs(2776,50): warning CS0168: Promìnná ex je deklarovaná, ale nikdy se nepoužívá. [C:\Users\ratho\OneDrive\Plocha\work_2026\FASK_2026\0x_Zdrojove_Kody\Konzola\Konzola\Konzola.csproj]
C:\Users\ratho\OneDrive\Plocha\work_2026\FASK_2026\0x_Zdrojove_Kody\Konzola\Konzola\Vyroba\Ciselnik\FormVazbyMaterialy.cs(2898,46): warning CS0168: Promìnná ex je deklarovaná, ale nikdy se nepoužívá. [C:\Users\ratho\OneDrive\Plocha\work_2026\FASK_2026\0x_Zdrojove_Kody\Konzola\Konzola\Konzola.csproj]
C:\Users\ratho\OneDrive\Plocha\work_2026\FASK_2026\0x_Zdrojove_Kody\Konzola\Konzola\Vyroba\Transakce\FormVyrobniPrikazList.cs(1751,18): warning CS0219: Promìnná work má pøiøazenou hodnotu, ale nikdy se nepoužívá. [C:\Users\ratho\OneDrive\Plocha\work_2026\FASK_2026\0x_Zdrojove_Kody\Konzola\Konzola\Konzola.csproj]
C:\Users\ratho\OneDrive\Plocha\work_2026\FASK_2026\0x_Zdrojove_Kody\Konzola\Konzola\Vyroba\Ciselnik\FormVazbyMaterialy.cs(3353,18): warning CS0219: Promìnná uspech má pøiøazenou hodnotu, ale nikdy se nepoužívá. [C:\Users\ratho\OneDrive\Plocha\work_2026\FASK_2026\0x_Zdrojove_Kody\Konzola\Konzola\Konzola.csproj]
C:\Users\ratho\OneDrive\Plocha\work_2026\FASK_2026\0x_Zdrojove_Kody\Konzola\Konzola\Prijem\FormDavkyPrijmuList.cs(1187,50): warning CS0168: Promìnná ex je deklarovaná, ale nikdy se nepoužívá. [C:\Users\ratho\OneDrive\Plocha\work_2026\FASK_2026\0x_Zdrojove_Kody\Konzola\Konzola\Konzola.csproj]
C:\Users\ratho\OneDrive\Plocha\work_2026\FASK_2026\0x_Zdrojove_Kody\Konzola\Konzola\Vyroba\Transakce\FormVyrobniPrikazList.cs(4003,46): warning CS0168: Promìnná ex je deklarovaná, ale nikdy se nepoužívá. [C:\Users\ratho\OneDrive\Plocha\work_2026\FASK_2026\0x_Zdrojove_Kody\Konzola\Konzola\Konzola.csproj]
C:\Users\ratho\OneDrive\Plocha\work_2026\FASK_2026\0x_Zdrojove_Kody\Konzola\Konzola\Vyroba\Rozbory\FormOdvod_EventsList.cs(2126,46): warning CS0168: Promìnná ex je deklarovaná, ale nikdy se nepoužívá. [C:\Users\ratho\OneDrive\Plocha\work_2026\FASK_2026\0x_Zdrojove_Kody\Konzola\Konzola\Konzola.csproj]
C:\Users\ratho\OneDrive\Plocha\work_2026\FASK_2026\0x_Zdrojove_Kody\Konzola\Konzola\Vyroba\Rozbory\FormOdvod_EventsList.cs(2378,50): warning CS0168: Promìnná ex je deklarovaná, ale nikdy se nepoužívá. [C:\Users\ratho\OneDrive\Plocha\work_2026\FASK_2026\0x_Zdrojove_Kody\Konzola\Konzola\Konzola.csproj]
C:\Users\ratho\OneDrive\Plocha\work_2026\FASK_2026\0x_Zdrojove_Kody\Konzola\Konzola\Vyroba\Transakce\FormVyrobniPrikazList.cs(5109,50): warning CS0168: Promìnná ex je deklarovaná, ale nikdy se nepoužívá. [C:\Users\ratho\OneDrive\Plocha\work_2026\FASK_2026\0x_Zdrojove_Kody\Konzola\Konzola\Konzola.csproj]
C:\Users\ratho\OneDrive\Plocha\work_2026\FASK_2026\0x_Zdrojove_Kody\Konzola\Konzola\Vyroba\Rozbory\FormOdvod_EventsList.cs(2493,46): warning CS0168: Promìnná ex je deklarovaná, ale nikdy se nepoužívá. [C:\Users\ratho\OneDrive\Plocha\work_2026\FASK_2026\0x_Zdrojove_Kody\Konzola\Konzola\Konzola.csproj]
C:\Users\ratho\OneDrive\Plocha\work_2026\FASK_2026\0x_Zdrojove_Kody\Konzola\Konzola\Vydej\FormDavkyVydejeList.cs(1533,50): warning CS0168: Promìnná ex je deklarovaná, ale nikdy se nepoužívá. [C:\Users\ratho\OneDrive\Plocha\work_2026\FASK_2026\0x_Zdrojove_Kody\Konzola\Konzola\Konzola.csproj]
C:\Users\ratho\OneDrive\Plocha\work_2026\FASK_2026\0x_Zdrojove_Kody\Konzola\Konzola\Vydej\FormDavkyVydejeList.cs(1552,34): warning CS0168: Promìnná ex je deklarovaná, ale nikdy se nepoužívá. [C:\Users\ratho\OneDrive\Plocha\work_2026\FASK_2026\0x_Zdrojove_Kody\Konzola\Konzola\Konzola.csproj]
C:\Users\ratho\OneDrive\Plocha\work_2026\FASK_2026\0x_Zdrojove_Kody\Konzola\Konzola\Planovani\FormPlanovaniVyrobyList.cs(3612,22): warning CS0219: Promìnná coSeStalo má pøiøazenou hodnotu, ale nikdy se nepoužívá. [C:\Users\ratho\OneDrive\Plocha\work_2026\FASK_2026\0x_Zdrojove_Kody\Konzola\Konzola\Konzola.csproj]
C:\Users\ratho\OneDrive\Plocha\work_2026\FASK_2026\0x_Zdrojove_Kody\Konzola\Konzola\Planovani\FormPlanovaniVyrobyList.cs(3520,18): warning CS0219: Promìnná uspech má pøiøazenou hodnotu, ale nikdy se nepoužívá. [C:\Users\ratho\OneDrive\Plocha\work_2026\FASK_2026\0x_Zdrojove_Kody\Konzola\Konzola\Konzola.csproj]
C:\Users\ratho\OneDrive\Plocha\work_2026\FASK_2026\0x_Zdrojove_Kody\Konzola\Konzola\Planovani\FormPlanovaniVyrobyList.cs(4235,46): warning CS0168: Promìnná ex je deklarovaná, ale nikdy se nepoužívá. [C:\Users\ratho\OneDrive\Plocha\work_2026\FASK_2026\0x_Zdrojove_Kody\Konzola\Konzola\Konzola.csproj]
C:\Users\ratho\OneDrive\Plocha\work_2026\FASK_2026\0x_Zdrojove_Kody\Konzola\Konzola\Vydej\FormDavkyVydejeList.cs(2328,46): warning CS0168: Promìnná ex je deklarovaná, ale nikdy se nepoužívá. [C:\Users\ratho\OneDrive\Plocha\work_2026\FASK_2026\0x_Zdrojove_Kody\Konzola\Konzola\Konzola.csproj]
C:\Users\ratho\OneDrive\Plocha\work_2026\FASK_2026\0x_Zdrojove_Kody\Konzola\Konzola\Vydej\FormDavkyVydejeList.cs(2580,50): warning CS0168: Promìnná ex je deklarovaná, ale nikdy se nepoužívá. [C:\Users\ratho\OneDrive\Plocha\work_2026\FASK_2026\0x_Zdrojove_Kody\Konzola\Konzola\Konzola.csproj]
C:\Users\ratho\OneDrive\Plocha\work_2026\FASK_2026\0x_Zdrojove_Kody\Konzola\Konzola\Planovani\FormPlanovaniVyrobyList.cs(4487,50): warning CS0168: Promìnná ex je deklarovaná, ale nikdy se nepoužívá. [C:\Users\ratho\OneDrive\Plocha\work_2026\FASK_2026\0x_Zdrojove_Kody\Konzola\Konzola\Konzola.csproj]
C:\Users\ratho\OneDrive\Plocha\work_2026\FASK_2026\0x_Zdrojove_Kody\Konzola\Konzola\Planovani\FormPlanovaniVyrobyList.cs(4602,46): warning CS0168: Promìnná ex je deklarovaná, ale nikdy se nepoužívá. [C:\Users\ratho\OneDrive\Plocha\work_2026\FASK_2026\0x_Zdrojove_Kody\Konzola\Konzola\Konzola.csproj]
C:\Users\ratho\OneDrive\Plocha\work_2026\FASK_2026\0x_Zdrojove_Kody\Konzola\Konzola\Vydej\FormDavkyVydejeList.cs(2695,46): warning CS0168: Promìnná ex je deklarovaná, ale nikdy se nepoužívá. [C:\Users\ratho\OneDrive\Plocha\work_2026\FASK_2026\0x_Zdrojove_Kody\Konzola\Konzola\Konzola.csproj]
C:\Users\ratho\OneDrive\Plocha\work_2026\FASK_2026\0x_Zdrojove_Kody\Konzola\Konzola\Vydej\FormDavkyVydejeList.cs(3056,13): warning CS0162: Byl zjištìn nedosažitelný kód. [C:\Users\ratho\OneDrive\Plocha\work_2026\FASK_2026\0x_Zdrojove_Kody\Konzola\Konzola\Konzola.csproj]
C:\Users\ratho\OneDrive\Plocha\work_2026\FASK_2026\0x_Zdrojove_Kody\Konzola\Konzola\Scanner\ScannerNone.cs(29,51): warning CS0067: Událost ScannerNone.DataReady se nikdy nepoužívá. [C:\Users\ratho\OneDrive\Plocha\work_2026\FASK_2026\0x_Zdrojove_Kody\Konzola\Konzola\Konzola.csproj]
C:\Users\ratho\OneDrive\Plocha\work_2026\FASK_2026\0x_Zdrojove_Kody\Konzola\Konzola\Program.cs(12,37): warning CS0169: Pole Program.splash se nikdy nepoužívá. [C:\Users\ratho\OneDrive\Plocha\work_2026\FASK_2026\0x_Zdrojove_Kody\Konzola\Konzola\Konzola.csproj]
C:\Users\ratho\OneDrive\Plocha\work_2026\FASK_2026\0x_Zdrojove_Kody\Konzola\Konzola\Forms\Spolecne\FormVyrabenePolozky.cs(174,22): warning CS0414: Pole FormVyrabenePolozky.opravneniImport má pøiøazenou hodnotu, ale nikdy se nepoužívá. [C:\Users\ratho\OneDrive\Plocha\work_2026\FASK_2026\0x_Zdrojove_Kody\Konzola\Konzola\Konzola.csproj]
C:\Users\ratho\OneDrive\Plocha\work_2026\FASK_2026\0x_Zdrojove_Kody\Konzola\Konzola\Ciselniky\FormPracovniciList.cs(69,22): warning CS0414: Pole FormPracovniciList.opravneniEditace má pøiøazenou hodnotu, ale nikdy se nepoužívá. [C:\Users\ratho\OneDrive\Plocha\work_2026\FASK_2026\0x_Zdrojove_Kody\Konzola\Konzola\Konzola.csproj]
C:\Users\ratho\OneDrive\Plocha\work_2026\FASK_2026\0x_Zdrojove_Kody\Konzola\Konzola\Vyroba\Rozbory\FormOdvod_EventsList.cs(240,22): warning CS0414: Pole FormOdvod_EventsList.opravneniEditace má pøiøazenou hodnotu, ale nikdy se nepoužívá. [C:\Users\ratho\OneDrive\Plocha\work_2026\FASK_2026\0x_Zdrojove_Kody\Konzola\Konzola\Konzola.csproj]
C:\Users\ratho\OneDrive\Plocha\work_2026\FASK_2026\0x_Zdrojove_Kody\Konzola\Konzola\Vyroba\Ciselnik\Form_Moduly.cs(31,22): warning CS0414: Pole Form_Moduly.opravneniImport má pøiøazenou hodnotu, ale nikdy se nepoužívá. [C:\Users\ratho\OneDrive\Plocha\work_2026\FASK_2026\0x_Zdrojove_Kody\Konzola\Konzola\Konzola.csproj]
C:\Users\ratho\OneDrive\Plocha\work_2026\FASK_2026\0x_Zdrojove_Kody\Konzola\Konzola\Ciselniky\FormLokace.cs(33,22): warning CS0414: Pole FormLokace.opravneniArchivace má pøiøazenou hodnotu, ale nikdy se nepoužívá. [C:\Users\ratho\OneDrive\Plocha\work_2026\FASK_2026\0x_Zdrojove_Kody\Konzola\Konzola\Konzola.csproj]
C:\Users\ratho\OneDrive\Plocha\work_2026\FASK_2026\0x_Zdrojove_Kody\Konzola\Konzola\Ciselniky\FormLokaceVariantySortimentList.cs(28,22): warning CS0414: Pole FormLokaceVariantySortimentList.opravneniArchivace má pøiøazenou hodnotu, ale nikdy se nepoužívá. [C:\Users\ratho\OneDrive\Plocha\work_2026\FASK_2026\0x_Zdrojove_Kody\Konzola\Konzola\Konzola.csproj]
C:\Users\ratho\OneDrive\Plocha\work_2026\FASK_2026\0x_Zdrojove_Kody\Konzola\Konzola\ImportniMustky\FormImport_SKzNC_List.cs(29,22): warning CS0414: Pole FormImport_SKzNC_List.opravneniArchivace má pøiøazenou hodnotu, ale nikdy se nepoužívá. [C:\Users\ratho\OneDrive\Plocha\work_2026\FASK_2026\0x_Zdrojove_Kody\Konzola\Konzola\Konzola.csproj]
C:\Users\ratho\OneDrive\Plocha\work_2026\FASK_2026\0x_Zdrojove_Kody\Konzola\Konzola\Ciselniky\FormZboziList.cs(31,22): warning CS0414: Pole FormZboziList.opravneniArchivace má pøiøazenou hodnotu, ale nikdy se nepoužívá. [C:\Users\ratho\OneDrive\Plocha\work_2026\FASK_2026\0x_Zdrojove_Kody\Konzola\Konzola\Konzola.csproj]
C:\Users\ratho\OneDrive\Plocha\work_2026\FASK_2026\0x_Zdrojove_Kody\Konzola\Konzola\Ciselniky\FormStrediskaList.cs(26,22): warning CS0414: Pole FormStrediskaList.opravneniArchivace má pøiøazenou hodnotu, ale nikdy se nepoužívá. [C:\Users\ratho\OneDrive\Plocha\work_2026\FASK_2026\0x_Zdrojove_Kody\Konzola\Konzola\Konzola.csproj]
C:\Users\ratho\OneDrive\Plocha\work_2026\FASK_2026\0x_Zdrojove_Kody\Konzola\Konzola\Planovani\FormPlanovaniVyrobyList.cs(146,22): warning CS0414: Pole FormPlanovaniVyrobyList.opravneniEditace má pøiøazenou hodnotu, ale nikdy se nepoužívá. [C:\Users\ratho\OneDrive\Plocha\work_2026\FASK_2026\0x_Zdrojove_Kody\Konzola\Konzola\Konzola.csproj]
C:\Users\ratho\OneDrive\Plocha\work_2026\FASK_2026\0x_Zdrojove_Kody\Konzola\Konzola\Vyroba\Rozbory\FormProductionSourecesList.cs(25,22): warning CS0414: Pole FormProductionSourecesList.opravneniImport má pøiøazenou hodnotu, ale nikdy se nepoužívá. [C:\Users\ratho\OneDrive\Plocha\work_2026\FASK_2026\0x_Zdrojove_Kody\Konzola\Konzola\Konzola.csproj]
C:\Users\ratho\OneDrive\Plocha\work_2026\FASK_2026\0x_Zdrojove_Kody\Konzola\Konzola\Ciselniky\FormOdberateleList.cs(26,22): warning CS0414: Pole FormOdberateleList.opravneniArchivace má pøiøazenou hodnotu, ale nikdy se nepoužívá. [C:\Users\ratho\OneDrive\Plocha\work_2026\FASK_2026\0x_Zdrojove_Kody\Konzola\Konzola\Konzola.csproj]
C:\Users\ratho\OneDrive\Plocha\work_2026\FASK_2026\0x_Zdrojove_Kody\Konzola\Konzola\Ciselniky\FormTypyDokladuList.cs(24,22): warning CS0414: Pole FormTypyDokladuList.opravneniImport má pøiøazenou hodnotu, ale nikdy se nepoužívá. [C:\Users\ratho\OneDrive\Plocha\work_2026\FASK_2026\0x_Zdrojove_Kody\Konzola\Konzola\Konzola.csproj]
C:\Users\ratho\OneDrive\Plocha\work_2026\FASK_2026\0x_Zdrojove_Kody\Konzola\Konzola\Vyroba\Ciselnik\FormVazbyMaterialy.cs(26,22): warning CS0414: Pole FormVazbyMaterialy.opravneniArchivace má pøiøazenou hodnotu, ale nikdy se nepoužívá. [C:\Users\ratho\OneDrive\Plocha\work_2026\FASK_2026\0x_Zdrojove_Kody\Konzola\Konzola\Konzola.csproj]
C:\Users\ratho\OneDrive\Plocha\work_2026\FASK_2026\0x_Zdrojove_Kody\Konzola\Konzola\Ciselniky\FormLokaceVariantySortimentList.cs(27,22): warning CS0414: Pole FormLokaceVariantySortimentList.opravneniImport má pøiøazenou hodnotu, ale nikdy se nepoužívá. [C:\Users\ratho\OneDrive\Plocha\work_2026\FASK_2026\0x_Zdrojove_Kody\Konzola\Konzola\Konzola.csproj]
C:\Users\ratho\OneDrive\Plocha\work_2026\FASK_2026\0x_Zdrojove_Kody\Konzola\Konzola\Vyroba\Rozbory\FormOdvod_EventsList.cs(241,22): warning CS0414: Pole FormOdvod_EventsList.opravneniImport má pøiøazenou hodnotu, ale nikdy se nepoužívá. [C:\Users\ratho\OneDrive\Plocha\work_2026\FASK_2026\0x_Zdrojove_Kody\Konzola\Konzola\Konzola.csproj]
C:\Users\ratho\OneDrive\Plocha\work_2026\FASK_2026\0x_Zdrojove_Kody\Konzola\Konzola\Vyroba\Rozbory\FormProductionList.cs(343,22): warning CS0414: Pole FormProductionList.opravneniImport má pøiøazenou hodnotu, ale nikdy se nepoužívá. [C:\Users\ratho\OneDrive\Plocha\work_2026\FASK_2026\0x_Zdrojove_Kody\Konzola\Konzola\Konzola.csproj]
C:\Users\ratho\OneDrive\Plocha\work_2026\FASK_2026\0x_Zdrojove_Kody\Konzola\Konzola\Ciselniky\FormTypyDokladuList.cs(25,22): warning CS0414: Pole FormTypyDokladuList.opravneniArchivace má pøiøazenou hodnotu, ale nikdy se nepoužívá. [C:\Users\ratho\OneDrive\Plocha\work_2026\FASK_2026\0x_Zdrojove_Kody\Konzola\Konzola\Konzola.csproj]
C:\Users\ratho\OneDrive\Plocha\work_2026\FASK_2026\0x_Zdrojove_Kody\Konzola\Konzola\Ciselniky\FormLokaceMapaList.cs(33,22): warning CS0414: Pole FormLokaceMapaList.opravneniArchivace má pøiøazenou hodnotu, ale nikdy se nepoužívá. [C:\Users\ratho\OneDrive\Plocha\work_2026\FASK_2026\0x_Zdrojove_Kody\Konzola\Konzola\Konzola.csproj]
C:\Users\ratho\OneDrive\Plocha\work_2026\FASK_2026\0x_Zdrojove_Kody\Konzola\Konzola\Ciselniky\FormPracovniciList.cs(71,22): warning CS0414: Pole FormPracovniciList.opravneniArchivace má pøiøazenou hodnotu, ale nikdy se nepoužívá. [C:\Users\ratho\OneDrive\Plocha\work_2026\FASK_2026\0x_Zdrojove_Kody\Konzola\Konzola\Konzola.csproj]
C:\Users\ratho\OneDrive\Plocha\work_2026\FASK_2026\0x_Zdrojove_Kody\Konzola\Konzola\Ciselniky\FormLokaceTypyList.cs(25,22): warning CS0414: Pole FormLokaceTypyList.opravneniImport má pøiøazenou hodnotu, ale nikdy se nepoužívá. [C:\Users\ratho\OneDrive\Plocha\work_2026\FASK_2026\0x_Zdrojove_Kody\Konzola\Konzola\Konzola.csproj]
C:\Users\ratho\OneDrive\Plocha\work_2026\FASK_2026\0x_Zdrojove_Kody\Konzola\Konzola\Vyroba\Ciselnik\Form_Stroje.cs(31,22): warning CS0414: Pole Form_Stroje.opravneniImport má pøiøazenou hodnotu, ale nikdy se nepoužívá. [C:\Users\ratho\OneDrive\Plocha\work_2026\FASK_2026\0x_Zdrojove_Kody\Konzola\Konzola\Konzola.csproj]
C:\Users\ratho\OneDrive\Plocha\work_2026\FASK_2026\0x_Zdrojove_Kody\Konzola\Konzola\Ciselniky\FormLokaceTypyList.cs(26,22): warning CS0414: Pole FormLokaceTypyList.opravneniArchivace má pøiøazenou hodnotu, ale nikdy se nepoužívá. [C:\Users\ratho\OneDrive\Plocha\work_2026\FASK_2026\0x_Zdrojove_Kody\Konzola\Konzola\Konzola.csproj]
C:\Users\ratho\OneDrive\Plocha\work_2026\FASK_2026\0x_Zdrojove_Kody\Konzola\Konzola\Planovani\FormPlanovaniVyrobyList.cs(148,22): warning CS0414: Pole FormPlanovaniVyrobyList.opravneniArchivace má pøiøazenou hodnotu, ale nikdy se nepoužívá. [C:\Users\ratho\OneDrive\Plocha\work_2026\FASK_2026\0x_Zdrojove_Kody\Konzola\Konzola\Konzola.csproj]
C:\Users\ratho\OneDrive\Plocha\work_2026\FASK_2026\0x_Zdrojove_Kody\Konzola\Konzola\Vyroba\Rozbory\FormProductionSourecesList.cs(26,22): warning CS0414: Pole FormProductionSourecesList.opravneniArchivace má pøiøazenou hodnotu, ale nikdy se nepoužívá. [C:\Users\ratho\OneDrive\Plocha\work_2026\FASK_2026\0x_Zdrojove_Kody\Konzola\Konzola\Konzola.csproj]
C:\Users\ratho\OneDrive\Plocha\work_2026\FASK_2026\0x_Zdrojove_Kody\Konzola\Konzola\Ciselniky\FormSkladyList.cs(37,22): warning CS0414: Pole FormSkladyList.opravneniArchivace má pøiøazenou hodnotu, ale nikdy se nepoužívá. [C:\Users\ratho\OneDrive\Plocha\work_2026\FASK_2026\0x_Zdrojove_Kody\Konzola\Konzola\Konzola.csproj]
  Konzola -> C:\Users\ratho\OneDrive\Plocha\work_2026\FASK_2026\0x_Zdrojove_Kody\!Build!\Konzola\Debug\Konzola.exe
C:\Program Files\Microsoft Visual Studio\18\Community\MSBuild\Current\Bin\Microsoft.Common.CurrentVersion.targets(2453,5): warning MSB3270: Došlo k neshodì mezi architekturou procesoru MSIL v sestavovaném projektu a architekturou procesoru x86 pro odkaz C:\Users\ratho\OneDrive\Plocha\work_2026\FASK_2026\0x_Zdrojove_Kody\!Build!\Konzola\Debug\Konzola.exe. Tato neshoda mùže zpùsobit bìhové chyby. Zvažte zmìnu cílové architektury procesoru ve vašem projektu prostøednictvím nástroje Správce konfigurace tak, aby architektura procesoru projektu odpovídala architekturám procesoru odkazù. Mùžete také použít závislost na odkazech, jejichž architektura procesoru odpovídá cílové architektuøe procesoru ve vašem projektu. [C:\Users\ratho\OneDrive\Plocha\work_2026\FASK_2026\0x_Zdrojove_Kody\Konzola\RFID_DLR-DK001\RFID_DLR_DK001_Provider.csproj]
  RFID_DLR_DK001_Provider -> C:\Users\ratho\OneDrive\Plocha\work_2026\FASK_2026\0x_Zdrojove_Kody\!Build!\Konzola\Debug\RFID_DLR_DK001_Provider.dll
C:\Program Files\Microsoft Visual Studio\18\Community\MSBuild\Current\Bin\Microsoft.Common.CurrentVersion.targets(2453,5): warning MSB3270: Došlo k neshodì mezi architekturou procesoru MSIL v sestavovaném projektu a architekturou procesoru x86 pro odkaz C:\Users\ratho\OneDrive\Plocha\work_2026\FASK_2026\0x_Zdrojove_Kody\!Build!\Konzola\Debug\Konzola.exe. Tato neshoda mùže zpùsobit bìhové chyby. Zvažte zmìnu cílové architektury procesoru ve vašem projektu prostøednictvím nástroje Správce konfigurace tak, aby architektura procesoru projektu odpovídala architekturám procesoru odkazù. Mùžete také použít závislost na odkazech, jejichž architektura procesoru odpovídá cílové architektuøe procesoru ve vašem projektu. [C:\Users\ratho\OneDrive\Plocha\work_2026\FASK_2026\0x_Zdrojove_Kody\Konzola\RFID_SR-5102\RFID_SR_5102_Provider.csproj]
C:\Users\ratho\OneDrive\Plocha\work_2026\FASK_2026\0x_Zdrojove_Kody\Konzola\RFID_SR-5102\RFID_SR_5102_Provider.cs(115,45): warning CS0162: Byl zjištìn nedosažitelný kód. [C:\Users\ratho\OneDrive\Plocha\work_2026\FASK_2026\0x_Zdrojove_Kody\Konzola\RFID_SR-5102\RFID_SR_5102_Provider.csproj]
  RFID_SR_5102_Provider -> C:\Users\ratho\OneDrive\Plocha\work_2026\FASK_2026\0x_Zdrojove_Kody\!Build!\Konzola\Debug\RFID_SR_5102_Provider.dll
