
  Fask.BarCode.ReportFactory -> C:\Users\ratho\OneDrive\Plocha\work_2026\FASK_2026\0x_Zdrojove_Kody\Win_Kom_Server\MST_Win_Print_Server\Fask.BarCode.ReportFactory\bin\Debug\Fask.BarCode.ReportFactory.dll
  MST_Print_Server_Classes -> C:\Users\ratho\OneDrive\Plocha\work_2026\FASK_2026\0x_Zdrojove_Kody\Win_Kom_Server\MST_Win_Print_Server\MST_Print_Server_Classes\bin\Debug\MST_Print_Server_Classes.dll
  Fask.Logging -> C:\Users\ratho\OneDrive\Plocha\work_2026\FASK_2026\0x_Zdrojove_Kody\_SdileneProjekty_\Fask.Logging\!Build!\Debug\Fask.Logging.dll
  Fask.MyPath -> C:\Users\ratho\OneDrive\Plocha\work_2026\FASK_2026\0x_Zdrojove_Kody\Win_Kom_Server\Fask.MyPath\bin\Debug\Fask.MyPath.dll
  Fask.BarCodeGraphics -> C:\Users\ratho\OneDrive\Plocha\work_2026\FASK_2026\0x_Zdrojove_Kody\_SdileneProjekty_\Fask.BarCodeGraphics\Fask.BarCodeGraphics\!Build!\Debug\Fask.BarCodeGraphics.dll
  Fask.BarCodeGraphics.ZPL_Zxing -> C:\Users\ratho\OneDrive\Plocha\work_2026\FASK_2026\0x_Zdrojove_Kody\_SdileneProjekty_\Fask.BarCodeGraphics\Fask.BarCodeGraphics.ZPL_Zxing\!Build!\Debug\Fask.BarCodeGraphics.ZPL_Zxing.dll
  MST_Print_Server_ZPL_Printing -> C:\Users\ratho\OneDrive\Plocha\work_2026\FASK_2026\0x_Zdrojove_Kody\Win_Kom_Server\MST_Win_Print_Server\MST_Print_Server_ZPL_Printing\bin\Debug\MST_Print_Server_ZPL_Printing.dll
  MST_Print_Server_Soupis -> C:\Users\ratho\OneDrive\Plocha\work_2026\FASK_2026\0x_Zdrojove_Kody\Win_Kom_Server\MST_Win_Print_Server\MST_Print_Server_Soupis\bin\Debug\MST_Print_Server_Soupis.dll
  Fask.Columns -> C:\Users\ratho\OneDrive\Plocha\work_2026\FASK_2026\0x_Zdrojove_Kody\_SdileneProjekty_\Fask.Columns\!Build!\Debug\Fask.Columns.dll
  Fask.RestSharp -> C:\Users\ratho\OneDrive\Plocha\work_2026\FASK_2026\0x_Zdrojove_Kody\_SdileneProjekty_\Fask.RestSharp\bin\Debug\Fask.RestSharp.dll
C:\Users\ratho\OneDrive\Plocha\work_2026\FASK_2026\0x_Zdrojove_Kody\_SdileneProjekty_\FASK.Logins\Uzivatel.cs(222,29): warning CS0168: Proměnná ex je deklarovaná, ale nikdy se nepoužívá. [C:\Users\ratho\OneDrive\Plocha\work_2026\FASK_2026\0x_Zdrojove_Kody\_SdileneProjekty_\FASK.Logins\FASK.Logins.csproj]
  FASK.Logins -> C:\Users\ratho\OneDrive\Plocha\work_2026\FASK_2026\0x_Zdrojove_Kody\_SdileneProjekty_\FASK.Logins\!Build!\Debug\FASK.Logins.dll
  Fask.POHODA.Disponibility -> C:\Users\ratho\OneDrive\Plocha\work_2026\FASK_2026\0x_Zdrojove_Kody\_SdileneProjekty_\Fask.POHODA.Disponibility\bin\Debug\Fask.POHODA.Disponibility.dll
  Fask.Rady -> C:\Users\ratho\OneDrive\Plocha\work_2026\FASK_2026\0x_Zdrojove_Kody\_SdileneProjekty_\Fask.Rady\bin\Debug\Fask.Rady.dll
  Fask.Compressing -> C:\Users\ratho\OneDrive\Plocha\work_2026\FASK_2026\0x_Zdrojove_Kody\Win_Kom_Server\Fask.Compressing\bin\Debug\Fask.Compressing.dll
  Fask.Server.Interfaces -> C:\Users\ratho\OneDrive\Plocha\work_2026\FASK_2026\0x_Zdrojove_Kody\Win_Kom_Server\Fask.Server.Interfaces\bin\Debug\Fask.Server.Interfaces.dll
  Fask.Module.ABRA.CarpServise -> C:\Users\ratho\OneDrive\Plocha\work_2026\FASK_2026\0x_Zdrojove_Kody\Win_Kom_Server\MST_Win_Kom_Server\bin\Fask.Module.ABRA.CarpServise.dll
  Fask.Tracing -> C:\Users\ratho\OneDrive\Plocha\work_2026\FASK_2026\0x_Zdrojove_Kody\Win_Kom_Server\Fask.Tracing\bin\Debug\Fask.Tracing.dll
C:\Users\ratho\OneDrive\Plocha\work_2026\FASK_2026\0x_Zdrojove_Kody\Win_Kom_Server\Fask.Server.Modules\Fask.Module.ABRA.SAB\Classes\ABRA.cs(3698,8): warning CS0219: Proměnná pocetZaznamuABRA má přiřazenou hodnotu, ale nikdy se nepoužívá. [C:\Users\ratho\OneDrive\Plocha\work_2026\FASK_2026\0x_Zdrojove_Kody\Win_Kom_Server\Fask.Server.Modules\Fask.Module.ABRA.SAB\Fask.Module.ABRA.SAB.csproj]
C:\Users\ratho\OneDrive\Plocha\work_2026\FASK_2026\0x_Zdrojove_Kody\Win_Kom_Server\Fask.Server.Modules\Fask.Module.ABRA.SAB\Classes\ABRA.cs(3838,8): warning CS0219: Proměnná pocetZaznamuABRA má přiřazenou hodnotu, ale nikdy se nepoužívá. [C:\Users\ratho\OneDrive\Plocha\work_2026\FASK_2026\0x_Zdrojove_Kody\Win_Kom_Server\Fask.Server.Modules\Fask.Module.ABRA.SAB\Fask.Module.ABRA.SAB.csproj]
  Fask.Module.ABRA.SAB -> C:\Users\ratho\OneDrive\Plocha\work_2026\FASK_2026\0x_Zdrojove_Kody\Win_Kom_Server\MST_Win_Kom_Server\bin\Fask.Module.ABRA.SAB.dll
  Fask.Module.Pohoda.I_Tec -> C:\Users\ratho\OneDrive\Plocha\work_2026\FASK_2026\0x_Zdrojove_Kody\Win_Kom_Server\MST_Win_Kom_Server\bin\Fask.Module.Pohoda.I_Tec.dll
  Fask.Module.Print.GS1 -> C:\Users\ratho\OneDrive\Plocha\work_2026\FASK_2026\0x_Zdrojove_Kody\Win_Kom_Server\MST_Win_Kom_Server\bin\Fask.Module.Print.GS1.dll
  Fask.Module.Print.Hanibal -> C:\Users\ratho\OneDrive\Plocha\work_2026\FASK_2026\0x_Zdrojove_Kody\Win_Kom_Server\MST_Win_Kom_Server\bin\Fask.Module.Print.Hanibal.dll
C:\Users\ratho\OneDrive\Plocha\work_2026\FASK_2026\0x_Zdrojove_Kody\Win_Kom_Server\Fask.Server.Modules\Fask.ModulePohodaXML\Classes\Prijem.cs(114,26): warning CS0618: Prijem.CZMSTPE_MAX_CountEntries() je zastaralá: Problem s vicenasobnym pristupem ... . [C:\Users\ratho\OneDrive\Plocha\work_2026\FASK_2026\0x_Zdrojove_Kody\Win_Kom_Server\Fask.Server.Modules\Fask.ModulePohodaXML\Fask.ModulePohodaXML.csproj]
C:\Users\ratho\OneDrive\Plocha\work_2026\FASK_2026\0x_Zdrojove_Kody\Win_Kom_Server\Fask.Server.Modules\Fask.ModulePohodaXML\Provider\ProviderPrijem.cs(672,34): warning CS0168: Proměnná ex je deklarovaná, ale nikdy se nepoužívá. [C:\Users\ratho\OneDrive\Plocha\work_2026\FASK_2026\0x_Zdrojove_Kody\Win_Kom_Server\Fask.Server.Modules\Fask.ModulePohodaXML\Fask.ModulePohodaXML.csproj]
  Fask.ModulePohodaXML -> C:\Users\ratho\OneDrive\Plocha\work_2026\FASK_2026\0x_Zdrojove_Kody\Win_Kom_Server\MST_Win_Kom_Server\bin\Fask.ModulePohodaXML.dll
C:\Users\ratho\OneDrive\Plocha\work_2026\FASK_2026\0x_Zdrojove_Kody\Win_Kom_Server\Fask.Server.Modules\Fask.ModuleSql\Classes\Vyroba_00.cs(104,30): warning CS0168: Proměnná ex je deklarovaná, ale nikdy se nepoužívá. [C:\Users\ratho\OneDrive\Plocha\work_2026\FASK_2026\0x_Zdrojove_Kody\Win_Kom_Server\Fask.Server.Modules\Fask.ModuleSql\Fask.ModuleSql.csproj]
C:\Users\ratho\OneDrive\Plocha\work_2026\FASK_2026\0x_Zdrojove_Kody\Win_Kom_Server\Fask.Server.Modules\Fask.ModuleSql\Classes\Vydej.cs(104,30): warning CS0168: Proměnná ex je deklarovaná, ale nikdy se nepoužívá. [C:\Users\ratho\OneDrive\Plocha\work_2026\FASK_2026\0x_Zdrojove_Kody\Win_Kom_Server\Fask.Server.Modules\Fask.ModuleSql\Fask.ModuleSql.csproj]
C:\Users\ratho\OneDrive\Plocha\work_2026\FASK_2026\0x_Zdrojove_Kody\Win_Kom_Server\Fask.Server.Modules\Fask.ModuleSql\Classes\Expedice.cs(104,30): warning CS0168: Proměnná ex je deklarovaná, ale nikdy se nepoužívá. [C:\Users\ratho\OneDrive\Plocha\work_2026\FASK_2026\0x_Zdrojove_Kody\Win_Kom_Server\Fask.Server.Modules\Fask.ModuleSql\Fask.ModuleSql.csproj]
C:\Users\ratho\OneDrive\Plocha\work_2026\FASK_2026\0x_Zdrojove_Kody\Win_Kom_Server\Fask.Server.Modules\Fask.ModuleSql\Classes\Inventura.cs(104,30): warning CS0168: Proměnná ex je deklarovaná, ale nikdy se nepoužívá. [C:\Users\ratho\OneDrive\Plocha\work_2026\FASK_2026\0x_Zdrojove_Kody\Win_Kom_Server\Fask.Server.Modules\Fask.ModuleSql\Fask.ModuleSql.csproj]
C:\Users\ratho\OneDrive\Plocha\work_2026\FASK_2026\0x_Zdrojove_Kody\Win_Kom_Server\Fask.Server.Modules\Fask.ModuleSql\Classes\Ostatni.cs(104,30): warning CS0168: Proměnná ex je deklarovaná, ale nikdy se nepoužívá. [C:\Users\ratho\OneDrive\Plocha\work_2026\FASK_2026\0x_Zdrojove_Kody\Win_Kom_Server\Fask.Server.Modules\Fask.ModuleSql\Fask.ModuleSql.csproj]
C:\Users\ratho\OneDrive\Plocha\work_2026\FASK_2026\0x_Zdrojove_Kody\Win_Kom_Server\Fask.Server.Modules\Fask.ModuleSql\Classes\Prijem.cs(103,30): warning CS0168: Proměnná ex je deklarovaná, ale nikdy se nepoužívá. [C:\Users\ratho\OneDrive\Plocha\work_2026\FASK_2026\0x_Zdrojove_Kody\Win_Kom_Server\Fask.Server.Modules\Fask.ModuleSql\Fask.ModuleSql.csproj]
C:\Users\ratho\OneDrive\Plocha\work_2026\FASK_2026\0x_Zdrojove_Kody\Win_Kom_Server\Fask.Server.Modules\Fask.ModuleSql\ProviderVydej.cs(584,46): warning CS0168: Proměnná ex je deklarovaná, ale nikdy se nepoužívá. [C:\Users\ratho\OneDrive\Plocha\work_2026\FASK_2026\0x_Zdrojove_Kody\Win_Kom_Server\Fask.Server.Modules\Fask.ModuleSql\Fask.ModuleSql.csproj]
C:\Users\ratho\OneDrive\Plocha\work_2026\FASK_2026\0x_Zdrojove_Kody\Win_Kom_Server\Fask.Server.Modules\Fask.ModuleSql\ProviderVydej.cs(819,38): warning CS0168: Proměnná ex je deklarovaná, ale nikdy se nepoužívá. [C:\Users\ratho\OneDrive\Plocha\work_2026\FASK_2026\0x_Zdrojove_Kody\Win_Kom_Server\Fask.Server.Modules\Fask.ModuleSql\Fask.ModuleSql.csproj]
C:\Users\ratho\OneDrive\Plocha\work_2026\FASK_2026\0x_Zdrojove_Kody\Win_Kom_Server\Fask.Server.Modules\Fask.ModuleSql\ProviderVydej.cs(834,30): warning CS0168: Proměnná ex je deklarovaná, ale nikdy se nepoužívá. [C:\Users\ratho\OneDrive\Plocha\work_2026\FASK_2026\0x_Zdrojove_Kody\Win_Kom_Server\Fask.Server.Modules\Fask.ModuleSql\Fask.ModuleSql.csproj]
  Fask.ModuleSql -> C:\Users\ratho\OneDrive\Plocha\work_2026\FASK_2026\0x_Zdrojove_Kody\Win_Kom_Server\MST_Win_Kom_Server\bin\Fask.ModuleSql.dll
C:\Users\ratho\OneDrive\Plocha\work_2026\FASK_2026\0x_Zdrojove_Kody\Win_Kom_Server\MST_Win_Kom_Server\Controllers\UzivatelController.cs(27,8): warning CS0219: Proměnná countentries má přiřazenou hodnotu, ale nikdy se nepoužívá. [C:\Users\ratho\OneDrive\Plocha\work_2026\FASK_2026\0x_Zdrojove_Kody\Win_Kom_Server\MST_Win_Kom_Server\MST_W_Server.csproj]
C:\Users\ratho\OneDrive\Plocha\work_2026\FASK_2026\0x_Zdrojove_Kody\Win_Kom_Server\MST_Win_Kom_Server\Controllers\UzivatelController.cs(29,8): warning CS0219: Proměnná userID má přiřazenou hodnotu, ale nikdy se nepoužívá. [C:\Users\ratho\OneDrive\Plocha\work_2026\FASK_2026\0x_Zdrojove_Kody\Win_Kom_Server\MST_Win_Kom_Server\MST_W_Server.csproj]
C:\Users\ratho\OneDrive\Plocha\work_2026\FASK_2026\0x_Zdrojove_Kody\Win_Kom_Server\MST_Win_Kom_Server\Controllers\SledovaniVyrobyController.cs(319,9): warning CS0219: Proměnná validace má přiřazenou hodnotu, ale nikdy se nepoužívá. [C:\Users\ratho\OneDrive\Plocha\work_2026\FASK_2026\0x_Zdrojove_Kody\Win_Kom_Server\MST_Win_Kom_Server\MST_W_Server.csproj]
C:\Users\ratho\OneDrive\Plocha\work_2026\FASK_2026\0x_Zdrojove_Kody\Win_Kom_Server\MST_Win_Kom_Server\BL\PrijemBL.cs(96,28): warning CS0414: Pole PrijemBL.components má přiřazenou hodnotu, ale nikdy se nepoužívá. [C:\Users\ratho\OneDrive\Plocha\work_2026\FASK_2026\0x_Zdrojove_Kody\Win_Kom_Server\MST_Win_Kom_Server\MST_W_Server.csproj]
  MST_W_Server -> C:\Users\ratho\OneDrive\Plocha\work_2026\FASK_2026\0x_Zdrojove_Kody\Win_Kom_Server\MST_Win_Kom_Server\bin\MST_W_Server.dll
